interactions:
- request:
    body: null
    headers:
      Accept:
      - application/json, text/csv
      Connection:
      - close
      Host:
      - fake-dev-ed.my.salesforce.com
      User-Agent:
      - Python-urllib/3.9
    method: GET
    uri: https://fake-dev-ed.my.salesforce.com/services/data/v51.0
  response:
    body:
      string: '[{"message":"Session expired or invalid","errorCode":"INVALID_SESSION_ID"}]'
    headers:
      Cache-Control:
      - no-cache,must-revalidate,max-age=0,no-store,private
      Connection:
      - close
      Content-Type:
      - application/json;charset=UTF-8
      Date:
      - Thu, 08 Apr 2021 09:54:13 GMT
      Set-Cookie:
      - BrowserId=X4Dj85hQEeuyHcM3z-qGXw; domain=.salesforce.com; path=/; expires=Fri,
        08-Apr-2022 09:54:13 GMT; Max-Age=31536000
      Strict-Transport-Security:
      - max-age=31536002; includeSubDomains
      Transfer-Encoding:
      - chunked
      WWW-Authenticate:
      - Token
      X-Content-Type-Options:
      - nosniff
      X-Robots-Tag:
      - none
      X-XSS-Protection:
      - 1; mode=block
    status:
      code: 401
      message: Unauthorized
- request:
    body: null
    headers:
      Accept:
      - application/json, text/csv
      Authorization:
      - Bearer bad_session
      Connection:
      - close
      Host:
      - fake-dev-ed.my.salesforce.com
      User-Agent:
      - Python-urllib/3.9
    method: GET
    uri: https://fake-dev-ed.my.salesforce.com/services/data/v51.0
  response:
    body:
      string: '[{"message":"Session expired or invalid","errorCode":"INVALID_SESSION_ID"}]'
    headers:
      Cache-Control:
      - no-cache,must-revalidate,max-age=0,no-store,private
      Connection:
      - close
      Content-Type:
      - application/json;charset=UTF-8
      Date:
      - Thu, 08 Apr 2021 09:54:13 GMT
      Set-Cookie:
      - BrowserId=X5cDO5hQEeuHy8mH07AooA; domain=.salesforce.com; path=/; expires=Fri,
        08-Apr-2022 09:54:13 GMT; Max-Age=31536000
      Strict-Transport-Security:
      - max-age=31536002; includeSubDomains
      Transfer-Encoding:
      - chunked
      WWW-Authenticate:
      - Token
      X-Content-Type-Options:
      - nosniff
      X-Robots-Tag:
      - none
      X-XSS-Protection:
      - 1; mode=block
    status:
      code: 401
      message: Unauthorized
- request:
    body: null
    headers:
      Accept:
      - application/json, text/csv
      Authorization:
      - Bearer bad_session
      Connection:
      - close
      Host:
      - fake-dev-ed.my.salesforce.com
      User-Agent:
      - Python-urllib/3.9
    method: GET
    uri: https://fake-dev-ed.my.salesforce.com/services/data/v51.0
  response:
    body:
      string: '[{"message":"Session expired or invalid","errorCode":"INVALID_SESSION_ID"}]'
    headers:
      Cache-Control:
      - no-cache,must-revalidate,max-age=0,no-store,private
      Connection:
      - close
      Content-Type:
      - application/json;charset=UTF-8
      Date:
      - Thu, 08 Apr 2021 09:54:13 GMT
      Set-Cookie:
      - BrowserId=X6_i7phQEeuS_ecs0MBA2g; domain=.salesforce.com; path=/; expires=Fri,
        08-Apr-2022 09:54:13 GMT; Max-Age=31536000
      Strict-Transport-Security:
      - max-age=31536002; includeSubDomains
      Transfer-Encoding:
      - chunked
      WWW-Authenticate:
      - Token
      X-Content-Type-Options:
      - nosniff
      X-Robots-Tag:
      - none
      X-XSS-Protection:
      - 1; mode=block
    status:
      code: 401
      message: Unauthorized
- request:
    body: null
    headers:
      Accept:
      - application/json, text/csv
      Authorization:
      - Bearer bad_session
      Connection:
      - close
      Host:
      - fake-dev-ed.my.salesforce.com
      User-Agent:
      - Python-urllib/3.9
    method: GET
    uri: https://fake-dev-ed.my.salesforce.com/services/data/v51.0
  response:
    body:
      string: '[{"message":"Session expired or invalid","errorCode":"INVALID_SESSION_ID"}]'
    headers:
      Cache-Control:
      - no-cache,must-revalidate,max-age=0,no-store,private
      Connection:
      - close
      Content-Type:
      - application/json;charset=UTF-8
      Date:
      - Thu, 08 Apr 2021 09:54:13 GMT
      Set-Cookie:
      - BrowserId=X8mFRJhQEeuTM1svfaKAyQ; domain=.salesforce.com; path=/; expires=Fri,
        08-Apr-2022 09:54:13 GMT; Max-Age=31536000
      Strict-Transport-Security:
      - max-age=31536002; includeSubDomains
      Transfer-Encoding:
      - chunked
      WWW-Authenticate:
      - Token
      X-Content-Type-Options:
      - nosniff
      X-Robots-Tag:
      - none
      X-XSS-Protection:
      - 1; mode=block
    status:
      code: 401
      message: Unauthorized
- request:
    body: null
    headers:
      Accept:
      - application/json, text/csv
      Authorization:
      - Bearer bad_session
      Connection:
      - close
      Host:
      - fake-dev-ed.my.salesforce.com
      User-Agent:
      - Python-urllib/3.9
    method: GET
    uri: https://fake-dev-ed.my.salesforce.com/services/data/v51.0
  response:
    body:
      string: '[{"message":"Session expired or invalid","errorCode":"INVALID_SESSION_ID"}]'
    headers:
      Cache-Control:
      - no-cache,must-revalidate,max-age=0,no-store,private
      Connection:
      - close
      Content-Type:
      - application/json;charset=UTF-8
      Date:
      - Thu, 08 Apr 2021 09:54:13 GMT
      Set-Cookie:
      - BrowserId=X-F6JphQEeuIlrcMm-Ed-Q; domain=.salesforce.com; path=/; expires=Fri,
        08-Apr-2022 09:54:13 GMT; Max-Age=31536000
      Strict-Transport-Security:
      - max-age=31536002; includeSubDomains
      Transfer-Encoding:
      - chunked
      WWW-Authenticate:
      - Token
      X-Content-Type-Options:
      - nosniff
      X-Robots-Tag:
      - none
      X-XSS-Protection:
      - 1; mode=block
    status:
      code: 401
      message: Unauthorized
- request:
    body: null
    headers:
      Accept:
      - application/json, text/csv
      Authorization:
      - Bearer bad_session
      Connection:
      - close
      Host:
      - fake-dev-ed.my.salesforce.com
      User-Agent:
      - Python-urllib/3.9
    method: GET
    uri: https://fake-dev-ed.my.salesforce.com/services/data/v51.0
  response:
    body:
      string: '[{"message":"Session expired or invalid","errorCode":"INVALID_SESSION_ID"}]'
    headers:
      Cache-Control:
      - no-cache,must-revalidate,max-age=0,no-store,private
      Connection:
      - close
      Content-Type:
      - application/json;charset=UTF-8
      Date:
      - Thu, 08 Apr 2021 09:54:13 GMT
      Set-Cookie:
      - BrowserId=X_qAUphQEeuosecDbXKDTg; domain=.salesforce.com; path=/; expires=Fri,
        08-Apr-2022 09:54:13 GMT; Max-Age=31536000
      Strict-Transport-Security:
      - max-age=31536002; includeSubDomains
      Transfer-Encoding:
      - chunked
      WWW-Authenticate:
      - Token
      X-Content-Type-Options:
      - nosniff
      X-Robots-Tag:
      - none
      X-XSS-Protection:
      - 1; mode=block
    status:
      code: 401
      message: Unauthorized
- request:
    body: null
    headers:
      Accept:
      - application/json, text/csv
      Authorization:
      - Bearer bad_session
      Connection:
      - close
      Host:
      - fake-dev-ed.my.salesforce.com
      User-Agent:
      - Python-urllib/3.9
    method: GET
    uri: https://fake-dev-ed.my.salesforce.com/services/data/v51.0
  response:
    body:
      string: '[{"message":"Session expired or invalid","errorCode":"INVALID_SESSION_ID"}]'
    headers:
      Cache-Control:
      - no-cache,must-revalidate,max-age=0,no-store,private
      Connection:
      - close
      Content-Type:
      - application/json;charset=UTF-8
      Date:
      - Thu, 08 Apr 2021 09:54:14 GMT
      Set-Cookie:
      - BrowserId=YBJ1L5hQEeuTM1svfaKAyQ; domain=.salesforce.com; path=/; expires=Fri,
        08-Apr-2022 09:54:14 GMT; Max-Age=31536000
      Strict-Transport-Security:
      - max-age=31536002; includeSubDomains
      Transfer-Encoding:
      - chunked
      WWW-Authenticate:
      - Token
      X-Content-Type-Options:
      - nosniff
      X-Robots-Tag:
      - none
      X-XSS-Protection:
      - 1; mode=block
    status:
      code: 401
      message: Unauthorized
version: 1
