interactions:
- request:
    body: null
    headers:
      Accept:
      - application/json, text/csv
      Authorization:
      - Bearer 00D7f111111tgVe!ZHz2ibKYjcbg10mT9TmqJY7gIipNcE6GUAvDXVwlX0YrrWOz_XPVM68.v_sNvAcM_l-I9masbK6lMy1W8VGd5Z9nw2BYfdPFkgVIWlj_hWZyjF09V-JOAnn1w16qNvQ
      Connection:
      - close
      Host:
      - fake-dev-ed.my.salesforce.com
      User-Agent:
      - Python-urllib/3.9
    method: GET
    uri: https://fake-dev-ed.my.salesforce.com/services/data/v51.0
  response:
    body:
      string: '{"tooling":"/services/data/v51.0/tooling","metadata":"/services/data/v51.0/metadata","eclair":"/services/data/v51.0/eclair","folders":"/services/data/v51.0/folders","prechatForms":"/services/data/v51.0/prechatForms","contact-tracing":"/services/data/v51.0/contact-tracing","jsonxform":"/services/data/v51.0/jsonxform","chatter":"/services/data/v51.0/chatter","payments":"/services/data/v51.0/payments","tabs":"/services/data/v51.0/tabs","appMenu":"/services/data/v51.0/appMenu","quickActions":"/services/data/v51.0/quickActions","queryAll":"/services/data/v51.0/queryAll","commerce":"/services/data/v51.0/commerce","wave":"/services/data/v51.0/wave","iot":"/services/data/v51.0/iot","analytics":"/services/data/v51.0/analytics","search":"/services/data/v51.0/search","smartdatadiscovery":"/services/data/v51.0/smartdatadiscovery","identity":"https://login.salesforce.com/id/00D7f111111tgVeRBP/0054a101010TkPiJJB","composite":"/services/data/v51.0/composite","parameterizedSearch":"/services/data/v51.0/parameterizedSearch","fingerprint":"/services/data/v51.0/fingerprint","theme":"/services/data/v51.0/theme","nouns":"/services/data/v51.0/nouns","event":"/services/data/v51.0/event","serviceTemplates":"/services/data/v51.0/serviceTemplates","recent":"/services/data/v51.0/recent","connect":"/services/data/v51.0/connect","licensing":"/services/data/v51.0/licensing","limits":"/services/data/v51.0/limits","process":"/services/data/v51.0/process","dedupe":"/services/data/v51.0/dedupe","async-queries":"/services/data/v51.0/async-queries","query":"/services/data/v51.0/query","jobs":"/services/data/v51.0/jobs","match":"/services/data/v51.0/match","localizedvalue":"/services/data/v51.0/localizedvalue","mobile":"/services/data/v51.0/mobile","emailConnect":"/services/data/v51.0/emailConnect","consent":"/services/data/v51.0/consent","tokenizer":"/services/data/v51.0/tokenizer","compactLayouts":"/services/data/v51.0/compactLayouts","knowledgeManagement":"/services/data/v51.0/knowledgeManagement","sobjects":"/services/data/v51.0/sobjects","actions":"/services/data/v51.0/actions","support":"/services/data/v51.0/support"}'
    headers:
      Cache-Control:
      - no-cache,must-revalidate,max-age=0,no-store,private
      Connection:
      - close
      Content-Type:
      - application/json;charset=UTF-8
      Date:
      - Sun, 11 Apr 2021 08:50:36 GMT
      Set-Cookie:
      - BrowserId=-7mo2pqiEeuibDW7P_hn_w; domain=.salesforce.com; path=/; expires=Mon,
        11-Apr-2022 08:50:36 GMT; Max-Age=31536000
      Sforce-Limit-Info:
      - api-usage=200/15000
      Strict-Transport-Security:
      - max-age=31536002; includeSubDomains
      Transfer-Encoding:
      - chunked
      Vary:
      - Accept-Encoding
      X-Content-Type-Options:
      - nosniff
      X-Robots-Tag:
      - none
      X-XSS-Protection:
      - 1; mode=block
    status:
      code: 200
      message: OK
- request:
    body: null
    headers:
      Accept:
      - application/json, text/csv
      Authorization:
      - Bearer 00D7f111111tgVe!ZHz2ibKYjcbg10mT9TmqJY7gIipNcE6GUAvDXVwlX0YrrWOz_XPVM68.v_sNvAcM_l-I9masbK6lMy1W8VGd5Z9nw2BYfdPFkgVIWlj_hWZyjF09V-JOAnn1w16qNvQ
      Connection:
      - close
      Host:
      - login.salesforce.com
      User-Agent:
      - Python-urllib/3.9
    method: GET
    uri: https://login.salesforce.com/id/00D7f111111tgVeRBP/0054a101010TkPiJJB
  response:
    body:
      string: '{"id":"https://login.salesforce.com/id/00D7f111111tgVeRBP/0054a101010TkPiJJB","asserted_user":true,"user_id":"0054a101010TkPiJJB","organization_id":"00D7f111111tgVeRBP","username":"sgreen@example.org","nick_name":"sgreen","display_name":"Sylvester
        Green","email":"sgreen@example.org","email_verified":true,"first_name":"Sylvester","last_name":"Green","timezone":"America/New_York","photos":{"picture":"https://fake-dev-ed--c.documentforce.com/profilephoto/005/F","thumbnail":"https://fake-dev-ed--c.documentforce.com/profilephoto/005/T"},"addr_street":null,"addr_city":null,"addr_state":null,"addr_country":"US","addr_zip":null,"mobile_phone":"+1
        5555551234","mobile_phone_verified":true,"is_lightning_login_user":false,"status":{"created_date":null,"body":null},"urls":{"enterprise":"https://fake-dev-ed.my.salesforce.com/services/Soap/c/{version}/00D7f111111tgVe","metadata":"https://fake-dev-ed.my.salesforce.com/services/Soap/m/{version}/00D7f111111tgVe","partner":"https://fake-dev-ed.my.salesforce.com/services/Soap/u/{version}/00D7f111111tgVe","rest":"https://fake-dev-ed.my.salesforce.com/services/data/v{version}/","sobjects":"https://fake-dev-ed.my.salesforce.com/services/data/v{version}/sobjects/","search":"https://fake-dev-ed.my.salesforce.com/services/data/v{version}/search/","query":"https://fake-dev-ed.my.salesforce.com/services/data/v{version}/query/","recent":"https://fake-dev-ed.my.salesforce.com/services/data/v{version}/recent/","tooling_soap":"https://fake-dev-ed.my.salesforce.com/services/Soap/T/{version}/00D7f111111tgVe","tooling_rest":"https://fake-dev-ed.my.salesforce.com/services/data/v{version}/tooling/","profile":"https://fake-dev-ed.my.salesforce.com/0054a101010TkPiJJB","feeds":"https://fake-dev-ed.my.salesforce.com/services/data/v{version}/chatter/feeds","groups":"https://fake-dev-ed.my.salesforce.com/services/data/v{version}/chatter/groups","users":"https://fake-dev-ed.my.salesforce.com/services/data/v{version}/chatter/users","feed_items":"https://fake-dev-ed.my.salesforce.com/services/data/v{version}/chatter/feed-items","feed_elements":"https://fake-dev-ed.my.salesforce.com/services/data/v{version}/chatter/feed-elements","custom_domain":"https://fake-dev-ed.my.salesforce.com"},"active":true,"user_type":"STANDARD","language":"en_US","locale":"en_US","utcOffset":-18000000,"last_modified_date":"2021-04-10T09:57:11Z"}'
    headers:
      Cache-Control:
      - no-cache,must-revalidate,max-age=0,no-store,private
      Connection:
      - close
      Content-Type:
      - application/json;charset=UTF-8
      Date:
      - Sun, 11 Apr 2021 08:50:36 GMT
      Set-Cookie:
      - BrowserId=-9mMkpqiEeuKzt8vf_41-Q; domain=.salesforce.com; path=/; expires=Mon,
        11-Apr-2022 08:50:36 GMT; Max-Age=31536000
      Strict-Transport-Security:
      - max-age=31536000; includeSubDomains
      Transfer-Encoding:
      - chunked
      Vary:
      - Accept-Encoding
      X-Content-Type-Options:
      - nosniff
      X-Robots-Tag:
      - none
      X-XSS-Protection:
      - 1; mode=block
    status:
      code: 200
      message: OK
- request:
    body: null
    headers:
      Accept:
      - application/json, text/csv
      Authorization:
      - Bearer 00D7f111111tgVe!ZHz2ibKYjcbg10mT9TmqJY7gIipNcE6GUAvDXVwlX0YrrWOz_XPVM68.v_sNvAcM_l-I9masbK6lMy1W8VGd5Z9nw2BYfdPFkgVIWlj_hWZyjF09V-JOAnn1w16qNvQ
      Connection:
      - close
      Host:
      - fake-dev-ed.my.salesforce.com
      User-Agent:
      - Python-urllib/3.9
    method: GET
    uri: https://fake-dev-ed.my.salesforce.com/services/data/v51.0/sobjects/Organization/00D7f111111tgVeRBP?fields=Name%2CInstanceName%2CTimeZoneSidKey%2COrganizationType%2CIsSandbox%2CLanguageLocaleKey
  response:
    body:
      string: '{"attributes":{"type":"Organization","url":"/services/data/v51.0/sobjects/Organization/00D7f111111tgVeRBP"},"Name":"Green
        Endeavors","InstanceName":"NA174","TimeZoneSidKey":"America/Los_Angeles","OrganizationType":"Developer
        Edition","IsSandbox":false,"LanguageLocaleKey":"en_US","Id":"00D7f111111tgVeRBP"}'
    headers:
      Cache-Control:
      - no-cache,must-revalidate,max-age=0,no-store,private
      Connection:
      - close
      Content-Type:
      - application/json;charset=UTF-8
      Date:
      - Sun, 11 Apr 2021 08:50:36 GMT
      Set-Cookie:
      - BrowserId=-_VR3pqiEeuI3heCpluwdg; domain=.salesforce.com; path=/; expires=Mon,
        11-Apr-2022 08:50:36 GMT; Max-Age=31536000
      Sforce-Limit-Info:
      - api-usage=200/15000
      Strict-Transport-Security:
      - max-age=31536002; includeSubDomains
      Transfer-Encoding:
      - chunked
      Vary:
      - Accept-Encoding
      X-Content-Type-Options:
      - nosniff
      X-Robots-Tag:
      - none
      X-XSS-Protection:
      - 1; mode=block
    status:
      code: 200
      message: OK
- request:
    body: '{"operation": "query", "query": "SELECT Id, Name FROM Account LIMIT 5",
      "lineEnding": "CRLF"}'
    headers:
      Accept:
      - application/json, text/csv
      Authorization:
      - Bearer 00D7f111111tgVe!ZHz2ibKYjcbg10mT9TmqJY7gIipNcE6GUAvDXVwlX0YrrWOz_XPVM68.v_sNvAcM_l-I9masbK6lMy1W8VGd5Z9nw2BYfdPFkgVIWlj_hWZyjF09V-JOAnn1w16qNvQ
      Connection:
      - close
      Content-Length:
      - '93'
      Content-Type:
      - application/json; charset=UTF-8
      Host:
      - fake-dev-ed.my.salesforce.com
      User-Agent:
      - Python-urllib/3.9
    method: POST
    uri: https://fake-dev-ed.my.salesforce.com/services/data/v51.0/jobs/query
  response:
    body:
      string: '{"id":"7506g00000JPdJJAA1","operation":"query","object":"Account","createdById":"0054a101010TkPiJJB","createdDate":"2021-04-11T08:50:37.000+0000","systemModstamp":"2021-04-11T08:50:37.000+0000","state":"UploadComplete","concurrencyMode":"Parallel","contentType":"CSV","apiVersion":51.0,"lineEnding":"CRLF","columnDelimiter":"COMMA"}'
    headers:
      Cache-Control:
      - no-cache,must-revalidate,max-age=0,no-store,private
      Connection:
      - close
      Content-Type:
      - application/json;charset=UTF-8
      Date:
      - Sun, 11 Apr 2021 08:50:36 GMT
      Set-Cookie:
      - BrowserId=_BBUFZqiEeuc7LU5ozt_mQ; domain=.salesforce.com; path=/; expires=Mon,
        11-Apr-2022 08:50:36 GMT; Max-Age=31536000
      Sforce-Limit-Info:
      - api-usage=200/15000
      Strict-Transport-Security:
      - max-age=31536002; includeSubDomains
      Transfer-Encoding:
      - chunked
      Vary:
      - Accept-Encoding
      X-Content-Type-Options:
      - nosniff
      X-Robots-Tag:
      - none
      X-XSS-Protection:
      - 1; mode=block
    status:
      code: 200
      message: OK
- request:
    body: null
    headers:
      Accept:
      - application/json, text/csv
      Authorization:
      - Bearer 00D7f111111tgVe!ZHz2ibKYjcbg10mT9TmqJY7gIipNcE6GUAvDXVwlX0YrrWOz_XPVM68.v_sNvAcM_l-I9masbK6lMy1W8VGd5Z9nw2BYfdPFkgVIWlj_hWZyjF09V-JOAnn1w16qNvQ
      Connection:
      - close
      Host:
      - fake-dev-ed.my.salesforce.com
      User-Agent:
      - Python-urllib/3.9
    method: GET
    uri: https://fake-dev-ed.my.salesforce.com/services/data/v51.0/jobs/query/7506g00000JPdJJAA1
  response:
    body:
      string: '{"id":"7506g00000JPdJJAA1","operation":"query","object":"Account","createdById":"0054a101010TkPiJJB","createdDate":"2021-04-11T08:50:37.000+0000","systemModstamp":"2021-04-11T08:50:37.000+0000","state":"InProgress","concurrencyMode":"Parallel","contentType":"CSV","apiVersion":51.0,"jobType":"V2Query","lineEnding":"CRLF","columnDelimiter":"COMMA","numberRecordsProcessed":0,"retries":0,"totalProcessingTime":0}'
    headers:
      Cache-Control:
      - no-cache,must-revalidate,max-age=0,no-store,private
      Connection:
      - close
      Content-Type:
      - application/json;charset=UTF-8
      Date:
      - Sun, 11 Apr 2021 08:50:39 GMT
      Set-Cookie:
      - BrowserId=_c28CpqiEeuEU5VIXCOBnQ; domain=.salesforce.com; path=/; expires=Mon,
        11-Apr-2022 08:50:39 GMT; Max-Age=31536000
      Sforce-Limit-Info:
      - api-usage=200/15000
      Strict-Transport-Security:
      - max-age=31536002; includeSubDomains
      Transfer-Encoding:
      - chunked
      Vary:
      - Accept-Encoding
      X-Content-Type-Options:
      - nosniff
      X-Robots-Tag:
      - none
      X-XSS-Protection:
      - 1; mode=block
    status:
      code: 200
      message: OK
- request:
    body: null
    headers:
      Accept:
      - application/json, text/csv
      Authorization:
      - Bearer 00D7f111111tgVe!ZHz2ibKYjcbg10mT9TmqJY7gIipNcE6GUAvDXVwlX0YrrWOz_XPVM68.v_sNvAcM_l-I9masbK6lMy1W8VGd5Z9nw2BYfdPFkgVIWlj_hWZyjF09V-JOAnn1w16qNvQ
      Connection:
      - close
      Host:
      - fake-dev-ed.my.salesforce.com
      User-Agent:
      - Python-urllib/3.9
    method: GET
    uri: https://fake-dev-ed.my.salesforce.com/services/data/v51.0/jobs/query/7506g00000JPdJJAA1
  response:
    body:
      string: '{"id":"7506g00000JPdJJAA1","operation":"query","object":"Account","createdById":"0054a101010TkPiJJB","createdDate":"2021-04-11T08:50:37.000+0000","systemModstamp":"2021-04-11T08:50:37.000+0000","state":"InProgress","concurrencyMode":"Parallel","contentType":"CSV","apiVersion":51.0,"jobType":"V2Query","lineEnding":"CRLF","columnDelimiter":"COMMA","numberRecordsProcessed":0,"retries":0,"totalProcessingTime":0}'
    headers:
      Cache-Control:
      - no-cache,must-revalidate,max-age=0,no-store,private
      Connection:
      - close
      Content-Type:
      - application/json;charset=UTF-8
      Date:
      - Sun, 11 Apr 2021 08:50:41 GMT
      Set-Cookie:
      - BrowserId=_qDCoZqiEeuoDYdqpEtZ2A; domain=.salesforce.com; path=/; expires=Mon,
        11-Apr-2022 08:50:41 GMT; Max-Age=31536000
      Sforce-Limit-Info:
      - api-usage=201/15000
      Strict-Transport-Security:
      - max-age=31536002; includeSubDomains
      Transfer-Encoding:
      - chunked
      Vary:
      - Accept-Encoding
      X-Content-Type-Options:
      - nosniff
      X-Robots-Tag:
      - none
      X-XSS-Protection:
      - 1; mode=block
    status:
      code: 200
      message: OK
- request:
    body: null
    headers:
      Accept:
      - application/json, text/csv
      Authorization:
      - Bearer 00D7f111111tgVe!ZHz2ibKYjcbg10mT9TmqJY7gIipNcE6GUAvDXVwlX0YrrWOz_XPVM68.v_sNvAcM_l-I9masbK6lMy1W8VGd5Z9nw2BYfdPFkgVIWlj_hWZyjF09V-JOAnn1w16qNvQ
      Connection:
      - close
      Host:
      - fake-dev-ed.my.salesforce.com
      User-Agent:
      - Python-urllib/3.9
    method: GET
    uri: https://fake-dev-ed.my.salesforce.com/services/data/v51.0/jobs/query/7506g00000JPdJJAA1
  response:
    body:
      string: '{"id":"7506g00000JPdJJAA1","operation":"query","object":"Account","createdById":"0054a101010TkPiJJB","createdDate":"2021-04-11T08:50:37.000+0000","systemModstamp":"2021-04-11T08:50:41.000+0000","state":"JobComplete","concurrencyMode":"Parallel","contentType":"CSV","apiVersion":51.0,"jobType":"V2Query","lineEnding":"CRLF","columnDelimiter":"COMMA","numberRecordsProcessed":5,"retries":0,"totalProcessingTime":223}'
    headers:
      Cache-Control:
      - no-cache,must-revalidate,max-age=0,no-store,private
      Connection:
      - close
      Content-Type:
      - application/json;charset=UTF-8
      Date:
      - Sun, 11 Apr 2021 08:50:42 GMT
      Set-Cookie:
      - BrowserId=_3Ag2JqiEeuK-UcYw3GsUQ; domain=.salesforce.com; path=/; expires=Mon,
        11-Apr-2022 08:50:42 GMT; Max-Age=31536000
      Sforce-Limit-Info:
      - api-usage=200/15000
      Strict-Transport-Security:
      - max-age=31536002; includeSubDomains
      Transfer-Encoding:
      - chunked
      Vary:
      - Accept-Encoding
      X-Content-Type-Options:
      - nosniff
      X-Robots-Tag:
      - none
      X-XSS-Protection:
      - 1; mode=block
    status:
      code: 200
      message: OK
- request:
    body: null
    headers:
      Accept:
      - application/json, text/csv
      Authorization:
      - Bearer 00D7f111111tgVe!ZHz2ibKYjcbg10mT9TmqJY7gIipNcE6GUAvDXVwlX0YrrWOz_XPVM68.v_sNvAcM_l-I9masbK6lMy1W8VGd5Z9nw2BYfdPFkgVIWlj_hWZyjF09V-JOAnn1w16qNvQ
      Connection:
      - close
      Host:
      - fake-dev-ed.my.salesforce.com
      User-Agent:
      - Python-urllib/3.9
    method: GET
    uri: https://fake-dev-ed.my.salesforce.com/services/data/v51.0/jobs/query/7506g00000JPdJJAA1/results
  response:
    body:
      string: "\"Id\",\"Name\"\r\n\"0016g00001d9F3rAAE\",\"Andr\xE9s Excavating\"\r\n\"0016g000003rBmoAAE\",\"GenePoint\"\r\n\"0016g000003rBmmAAE\",\"United
        Oil & Gas, UK\"\r\n\"0016g000003rBmnAAE\",\"United Oil & Gas, Singapore\"\r\n\"0016g000003rBmeAAE\",\"Edge
        Communications\"\r\n"
    headers:
      Cache-Control:
      - no-cache,must-revalidate,max-age=0,no-store,private
      Connection:
      - close
      Content-Type:
      - text/csv
      Date:
      - Sun, 11 Apr 2021 08:50:42 GMT
      Set-Cookie:
      - BrowserId=_5w6eJqiEeuWuKOo5W3fuw; domain=.salesforce.com; path=/; expires=Mon,
        11-Apr-2022 08:50:42 GMT; Max-Age=31536000
      Sforce-Limit-Info:
      - api-usage=200/15000
      Sforce-Locator:
      - 'null'
      Sforce-NumberOfRecords:
      - '5'
      Strict-Transport-Security:
      - max-age=31536002; includeSubDomains
      Transfer-Encoding:
      - chunked
      Vary:
      - Accept-Encoding
      X-Content-Type-Options:
      - nosniff
      X-Robots-Tag:
      - none
      X-XSS-Protection:
      - 1; mode=block
    status:
      code: 200
      message: OK
- request:
    body: null
    headers:
      Accept:
      - application/json, text/csv
      Authorization:
      - Bearer 00D7f111111tgVe!ZHz2ibKYjcbg10mT9TmqJY7gIipNcE6GUAvDXVwlX0YrrWOz_XPVM68.v_sNvAcM_l-I9masbK6lMy1W8VGd5Z9nw2BYfdPFkgVIWlj_hWZyjF09V-JOAnn1w16qNvQ
      Connection:
      - close
      Host:
      - fake-dev-ed.my.salesforce.com
      User-Agent:
      - Python-urllib/3.9
    method: GET
    uri: https://fake-dev-ed.my.salesforce.com/services/data/v51.0
  response:
    body:
      string: '{"tooling":"/services/data/v51.0/tooling","metadata":"/services/data/v51.0/metadata","eclair":"/services/data/v51.0/eclair","folders":"/services/data/v51.0/folders","prechatForms":"/services/data/v51.0/prechatForms","contact-tracing":"/services/data/v51.0/contact-tracing","jsonxform":"/services/data/v51.0/jsonxform","chatter":"/services/data/v51.0/chatter","payments":"/services/data/v51.0/payments","tabs":"/services/data/v51.0/tabs","appMenu":"/services/data/v51.0/appMenu","quickActions":"/services/data/v51.0/quickActions","queryAll":"/services/data/v51.0/queryAll","commerce":"/services/data/v51.0/commerce","wave":"/services/data/v51.0/wave","iot":"/services/data/v51.0/iot","analytics":"/services/data/v51.0/analytics","search":"/services/data/v51.0/search","smartdatadiscovery":"/services/data/v51.0/smartdatadiscovery","identity":"https://login.salesforce.com/id/00D7f111111tgVeRBP/0054a101010TkPiJJB","composite":"/services/data/v51.0/composite","parameterizedSearch":"/services/data/v51.0/parameterizedSearch","fingerprint":"/services/data/v51.0/fingerprint","theme":"/services/data/v51.0/theme","nouns":"/services/data/v51.0/nouns","event":"/services/data/v51.0/event","serviceTemplates":"/services/data/v51.0/serviceTemplates","recent":"/services/data/v51.0/recent","connect":"/services/data/v51.0/connect","licensing":"/services/data/v51.0/licensing","limits":"/services/data/v51.0/limits","process":"/services/data/v51.0/process","dedupe":"/services/data/v51.0/dedupe","async-queries":"/services/data/v51.0/async-queries","query":"/services/data/v51.0/query","jobs":"/services/data/v51.0/jobs","match":"/services/data/v51.0/match","localizedvalue":"/services/data/v51.0/localizedvalue","mobile":"/services/data/v51.0/mobile","emailConnect":"/services/data/v51.0/emailConnect","consent":"/services/data/v51.0/consent","tokenizer":"/services/data/v51.0/tokenizer","compactLayouts":"/services/data/v51.0/compactLayouts","knowledgeManagement":"/services/data/v51.0/knowledgeManagement","sobjects":"/services/data/v51.0/sobjects","actions":"/services/data/v51.0/actions","support":"/services/data/v51.0/support"}'
    headers:
      Cache-Control:
      - no-cache,must-revalidate,max-age=0,no-store,private
      Connection:
      - close
      Content-Type:
      - application/json;charset=UTF-8
      Date:
      - Wed, 14 Apr 2021 09:47:57 GMT
      Set-Cookie:
      - BrowserId=fgTy4p0GEeuHa2mNkdsgMw; domain=.salesforce.com; path=/; expires=Thu,
        14-Apr-2022 09:47:57 GMT; Max-Age=31536000
      Sforce-Limit-Info:
      - api-usage=6/15000
      Strict-Transport-Security:
      - max-age=31536002; includeSubDomains
      Transfer-Encoding:
      - chunked
      Vary:
      - Accept-Encoding
      X-Content-Type-Options:
      - nosniff
      X-Robots-Tag:
      - none
      X-XSS-Protection:
      - 1; mode=block
    status:
      code: 200
      message: OK
- request:
    body: null
    headers:
      Accept:
      - application/json, text/csv
      Authorization:
      - Bearer 00D7f111111tgVe!ZHz2ibKYjcbg10mT9TmqJY7gIipNcE6GUAvDXVwlX0YrrWOz_XPVM68.v_sNvAcM_l-I9masbK6lMy1W8VGd5Z9nw2BYfdPFkgVIWlj_hWZyjF09V-JOAnn1w16qNvQ
      Connection:
      - close
      Host:
      - login.salesforce.com
      User-Agent:
      - Python-urllib/3.9
    method: GET
    uri: https://login.salesforce.com/id/00D7f111111tgVeRBP/0054a101010TkPiJJB
  response:
    body:
      string: '{"id":"https://login.salesforce.com/id/00D7f111111tgVeRBP/0054a101010TkPiJJB","asserted_user":true,"user_id":"0054a101010TkPiJJB","organization_id":"00D7f111111tgVeRBP","username":"sgreen@example.org","nick_name":"sgreen","display_name":"Sylvester
        Green","email":"sgreen@example.org","email_verified":true,"first_name":"Sylvester","last_name":"Green","timezone":"America/New_York","photos":{"picture":"https://fake-dev-ed--c.documentforce.com/profilephoto/005/F","thumbnail":"https://fake-dev-ed--c.documentforce.com/profilephoto/005/T"},"addr_street":null,"addr_city":null,"addr_state":null,"addr_country":"US","addr_zip":null,"mobile_phone":"+1
        5555551234","mobile_phone_verified":true,"is_lightning_login_user":false,"status":{"created_date":null,"body":null},"urls":{"enterprise":"https://fake-dev-ed.my.salesforce.com/services/Soap/c/{version}/00D7f111111tgVe","metadata":"https://fake-dev-ed.my.salesforce.com/services/Soap/m/{version}/00D7f111111tgVe","partner":"https://fake-dev-ed.my.salesforce.com/services/Soap/u/{version}/00D7f111111tgVe","rest":"https://fake-dev-ed.my.salesforce.com/services/data/v{version}/","sobjects":"https://fake-dev-ed.my.salesforce.com/services/data/v{version}/sobjects/","search":"https://fake-dev-ed.my.salesforce.com/services/data/v{version}/search/","query":"https://fake-dev-ed.my.salesforce.com/services/data/v{version}/query/","recent":"https://fake-dev-ed.my.salesforce.com/services/data/v{version}/recent/","tooling_soap":"https://fake-dev-ed.my.salesforce.com/services/Soap/T/{version}/00D7f111111tgVe","tooling_rest":"https://fake-dev-ed.my.salesforce.com/services/data/v{version}/tooling/","profile":"https://fake-dev-ed.my.salesforce.com/0054a101010TkPiJJB","feeds":"https://fake-dev-ed.my.salesforce.com/services/data/v{version}/chatter/feeds","groups":"https://fake-dev-ed.my.salesforce.com/services/data/v{version}/chatter/groups","users":"https://fake-dev-ed.my.salesforce.com/services/data/v{version}/chatter/users","feed_items":"https://fake-dev-ed.my.salesforce.com/services/data/v{version}/chatter/feed-items","feed_elements":"https://fake-dev-ed.my.salesforce.com/services/data/v{version}/chatter/feed-elements","custom_domain":"https://fake-dev-ed.my.salesforce.com"},"active":true,"user_type":"STANDARD","language":"en_US","locale":"en_US","utcOffset":-18000000,"last_modified_date":"2021-04-11T09:31:38Z"}'
    headers:
      Cache-Control:
      - no-cache,must-revalidate,max-age=0,no-store,private
      Connection:
      - close
      Content-Type:
      - application/json;charset=UTF-8
      Date:
      - Wed, 14 Apr 2021 09:47:57 GMT
      Set-Cookie:
      - BrowserId=fiot2p0GEeu-FftetaRM5A; domain=.salesforce.com; path=/; expires=Thu,
        14-Apr-2022 09:47:57 GMT; Max-Age=31536000
      Strict-Transport-Security:
      - max-age=31536000; includeSubDomains
      Transfer-Encoding:
      - chunked
      Vary:
      - Accept-Encoding
      X-Content-Type-Options:
      - nosniff
      X-Robots-Tag:
      - none
      X-XSS-Protection:
      - 1; mode=block
    status:
      code: 200
      message: OK
- request:
    body: null
    headers:
      Accept:
      - application/json, text/csv
      Authorization:
      - Bearer 00D7f111111tgVe!ZHz2ibKYjcbg10mT9TmqJY7gIipNcE6GUAvDXVwlX0YrrWOz_XPVM68.v_sNvAcM_l-I9masbK6lMy1W8VGd5Z9nw2BYfdPFkgVIWlj_hWZyjF09V-JOAnn1w16qNvQ
      Connection:
      - close
      Host:
      - fake-dev-ed.my.salesforce.com
      User-Agent:
      - Python-urllib/3.9
    method: GET
    uri: https://fake-dev-ed.my.salesforce.com/services/data/v51.0/sobjects/Organization/00D7f111111tgVeRBP?fields=Name%2CInstanceName%2CTimeZoneSidKey%2COrganizationType%2CIsSandbox%2CLanguageLocaleKey
  response:
    body:
      string: '{"attributes":{"type":"Organization","url":"/services/data/v51.0/sobjects/Organization/00D7f111111tgVeRBP"},"Name":"Green
        Endeavors","InstanceName":"NA174","TimeZoneSidKey":"America/Los_Angeles","OrganizationType":"Developer
        Edition","IsSandbox":false,"LanguageLocaleKey":"en_US","Id":"00D7f111111tgVeRBP"}'
    headers:
      Cache-Control:
      - no-cache,must-revalidate,max-age=0,no-store,private
      Connection:
      - close
      Content-Type:
      - application/json;charset=UTF-8
      Date:
      - Wed, 14 Apr 2021 09:47:57 GMT
      Set-Cookie:
      - BrowserId=fk7z050GEeule6l7P0IcpQ; domain=.salesforce.com; path=/; expires=Thu,
        14-Apr-2022 09:47:57 GMT; Max-Age=31536000
      Sforce-Limit-Info:
      - api-usage=6/15000
      Strict-Transport-Security:
      - max-age=31536002; includeSubDomains
      Transfer-Encoding:
      - chunked
      Vary:
      - Accept-Encoding
      X-Content-Type-Options:
      - nosniff
      X-Robots-Tag:
      - none
      X-XSS-Protection:
      - 1; mode=block
    status:
      code: 200
      message: OK
- request:
    body: '{"operation": "query", "lineEnding": "CRLF", "query": "SELECT Id, Name
      FROM Account LIMIT 5"}'
    headers:
      Accept:
      - application/json, text/csv
      Authorization:
      - Bearer 00D7f111111tgVe!ZHz2ibKYjcbg10mT9TmqJY7gIipNcE6GUAvDXVwlX0YrrWOz_XPVM68.v_sNvAcM_l-I9masbK6lMy1W8VGd5Z9nw2BYfdPFkgVIWlj_hWZyjF09V-JOAnn1w16qNvQ
      Connection:
      - close
      Content-Length:
      - '93'
      Content-Type:
      - application/json; charset=UTF-8
      Host:
      - fake-dev-ed.my.salesforce.com
      User-Agent:
      - Python-urllib/3.9
    method: POST
    uri: https://fake-dev-ed.my.salesforce.com/services/data/v51.0/jobs/query
  response:
    body:
      string: '{"id":"7506g00000JQ4SXAA1","operation":"query","object":"Account","createdById":"0054a101010TkPiJJB","createdDate":"2021-04-14T09:47:58.000+0000","systemModstamp":"2021-04-14T09:47:58.000+0000","state":"UploadComplete","concurrencyMode":"Parallel","contentType":"CSV","apiVersion":51.0,"lineEnding":"CRLF","columnDelimiter":"COMMA"}'
    headers:
      Cache-Control:
      - no-cache,must-revalidate,max-age=0,no-store,private
      Connection:
      - close
      Content-Type:
      - application/json;charset=UTF-8
      Date:
      - Wed, 14 Apr 2021 09:47:58 GMT
      Set-Cookie:
      - BrowserId=fnvQZZ0GEeuzjdvkzdK0og; domain=.salesforce.com; path=/; expires=Thu,
        14-Apr-2022 09:47:58 GMT; Max-Age=31536000
      Sforce-Limit-Info:
      - api-usage=6/15000
      Strict-Transport-Security:
      - max-age=31536002; includeSubDomains
      Transfer-Encoding:
      - chunked
      Vary:
      - Accept-Encoding
      X-Content-Type-Options:
      - nosniff
      X-Robots-Tag:
      - none
      X-XSS-Protection:
      - 1; mode=block
    status:
      code: 200
      message: OK
- request:
    body: null
    headers:
      Accept:
      - application/json, text/csv
      Authorization:
      - Bearer 00D7f111111tgVe!ZHz2ibKYjcbg10mT9TmqJY7gIipNcE6GUAvDXVwlX0YrrWOz_XPVM68.v_sNvAcM_l-I9masbK6lMy1W8VGd5Z9nw2BYfdPFkgVIWlj_hWZyjF09V-JOAnn1w16qNvQ
      Connection:
      - close
      Host:
      - fake-dev-ed.my.salesforce.com
      User-Agent:
      - Python-urllib/3.9
    method: GET
    uri: https://fake-dev-ed.my.salesforce.com/services/data/v51.0/jobs/query/7506g00000JQ4SXAA1
  response:
    body:
      string: '{"id":"7506g00000JQ4SXAA1","operation":"query","object":"Account","createdById":"0054a101010TkPiJJB","createdDate":"2021-04-14T09:47:58.000+0000","systemModstamp":"2021-04-14T09:47:58.000+0000","state":"InProgress","concurrencyMode":"Parallel","contentType":"CSV","apiVersion":51.0,"jobType":"V2Query","lineEnding":"CRLF","columnDelimiter":"COMMA","numberRecordsProcessed":0,"retries":0,"totalProcessingTime":0}'
    headers:
      Cache-Control:
      - no-cache,must-revalidate,max-age=0,no-store,private
      Connection:
      - close
      Content-Type:
      - application/json;charset=UTF-8
      Date:
      - Wed, 14 Apr 2021 09:47:58 GMT
      Set-Cookie:
      - BrowserId=ftaaW50GEeutDbc1pknusw; domain=.salesforce.com; path=/; expires=Thu,
        14-Apr-2022 09:47:58 GMT; Max-Age=31536000
      Sforce-Limit-Info:
      - api-usage=6/15000
      Strict-Transport-Security:
      - max-age=31536002; includeSubDomains
      Vary:
      - Accept-Encoding
      X-Content-Type-Options:
      - nosniff
      X-Robots-Tag:
      - none
      X-XSS-Protection:
      - 1; mode=block
    status:
      code: 200
      message: OK
- request:
    body: null
    headers:
      Accept:
      - application/json, text/csv
      Authorization:
      - Bearer 00D7f111111tgVe!ZHz2ibKYjcbg10mT9TmqJY7gIipNcE6GUAvDXVwlX0YrrWOz_XPVM68.v_sNvAcM_l-I9masbK6lMy1W8VGd5Z9nw2BYfdPFkgVIWlj_hWZyjF09V-JOAnn1w16qNvQ
      Connection:
      - close
      Host:
      - fake-dev-ed.my.salesforce.com
      User-Agent:
      - Python-urllib/3.9
    method: GET
    uri: https://fake-dev-ed.my.salesforce.com/services/data/v51.0/jobs/query/7506g00000JQ4SXAA1
  response:
    body:
      string: '{"id":"7506g00000JQ4SXAA1","operation":"query","object":"Account","createdById":"0054a101010TkPiJJB","createdDate":"2021-04-14T09:47:58.000+0000","systemModstamp":"2021-04-14T09:47:59.000+0000","state":"JobComplete","concurrencyMode":"Parallel","contentType":"CSV","apiVersion":51.0,"jobType":"V2Query","lineEnding":"CRLF","columnDelimiter":"COMMA","numberRecordsProcessed":5,"retries":0,"totalProcessingTime":163}'
    headers:
      Cache-Control:
      - no-cache,must-revalidate,max-age=0,no-store,private
      Connection:
      - close
      Content-Type:
      - application/json;charset=UTF-8
      Date:
      - Wed, 14 Apr 2021 09:48:00 GMT
      Set-Cookie:
      - BrowserId=f7D04Z0GEeu_4CsGZfDw4w; domain=.salesforce.com; path=/; expires=Thu,
        14-Apr-2022 09:48:00 GMT; Max-Age=31536000
      Sforce-Limit-Info:
      - api-usage=6/15000
      Strict-Transport-Security:
      - max-age=31536002; includeSubDomains
      Transfer-Encoding:
      - chunked
      Vary:
      - Accept-Encoding
      X-Content-Type-Options:
      - nosniff
      X-Robots-Tag:
      - none
      X-XSS-Protection:
      - 1; mode=block
    status:
      code: 200
      message: OK
- request:
    body: null
    headers:
      Accept:
      - application/json, text/csv
      Authorization:
      - Bearer 00D7f111111tgVe!ZHz2ibKYjcbg10mT9TmqJY7gIipNcE6GUAvDXVwlX0YrrWOz_XPVM68.v_sNvAcM_l-I9masbK6lMy1W8VGd5Z9nw2BYfdPFkgVIWlj_hWZyjF09V-JOAnn1w16qNvQ
      Connection:
      - close
      Host:
      - fake-dev-ed.my.salesforce.com
      User-Agent:
      - Python-urllib/3.9
    method: GET
    uri: https://fake-dev-ed.my.salesforce.com/services/data/v51.0/jobs/query/7506g00000JQ4SXAA1/results
  response:
    body:
      string: "\"Id\",\"Name\"\r\n\"0016g00001d9F3rAAE\",\"Andr\xE9s Excavating\"\r\n\"0016g000003rBmoAAE\",\"GenePoint\"\r\n\"0016g000003rBmmAAE\",\"United
        Oil & Gas, UK\"\r\n\"0016g000003rBmnAAE\",\"United Oil & Gas, Singapore\"\r\n\"0016g000003rBmeAAE\",\"Edge
        Communications\"\r\n"
    headers:
      Cache-Control:
      - no-cache,must-revalidate,max-age=0,no-store,private
      Connection:
      - close
      Content-Type:
      - text/csv
      Date:
      - Wed, 14 Apr 2021 09:48:00 GMT
      Set-Cookie:
      - BrowserId=f-mRWp0GEeuZDOU1zXVB9A; domain=.salesforce.com; path=/; expires=Thu,
        14-Apr-2022 09:48:00 GMT; Max-Age=31536000
      Sforce-Limit-Info:
      - api-usage=6/15000
      Sforce-Locator:
      - 'null'
      Sforce-NumberOfRecords:
      - '5'
      Strict-Transport-Security:
      - max-age=31536002; includeSubDomains
      Transfer-Encoding:
      - chunked
      Vary:
      - Accept-Encoding
      X-Content-Type-Options:
      - nosniff
      X-Robots-Tag:
      - none
      X-XSS-Protection:
      - 1; mode=block
    status:
      code: 200
      message: OK
- request:
    body: null
    headers:
      Accept:
      - application/json, text/csv
      Authorization:
      - Bearer 00D7f111111tgVe!ZHz2ibKYjcbg10mT9TmqJY7gIipNcE6GUAvDXVwlX0YrrWOz_XPVM68.v_sNvAcM_l-I9masbK6lMy1W8VGd5Z9nw2BYfdPFkgVIWlj_hWZyjF09V-JOAnn1w16qNvQ
      Connection:
      - close
      Host:
      - fake-dev-ed.my.salesforce.com
      User-Agent:
      - Python-urllib/3.9
    method: GET
    uri: https://fake-dev-ed.my.salesforce.com/services/data/v51.0
  response:
    body:
      string: '{"tooling":"/services/data/v51.0/tooling","metadata":"/services/data/v51.0/metadata","eclair":"/services/data/v51.0/eclair","folders":"/services/data/v51.0/folders","prechatForms":"/services/data/v51.0/prechatForms","contact-tracing":"/services/data/v51.0/contact-tracing","jsonxform":"/services/data/v51.0/jsonxform","chatter":"/services/data/v51.0/chatter","payments":"/services/data/v51.0/payments","tabs":"/services/data/v51.0/tabs","appMenu":"/services/data/v51.0/appMenu","quickActions":"/services/data/v51.0/quickActions","queryAll":"/services/data/v51.0/queryAll","commerce":"/services/data/v51.0/commerce","wave":"/services/data/v51.0/wave","iot":"/services/data/v51.0/iot","analytics":"/services/data/v51.0/analytics","search":"/services/data/v51.0/search","smartdatadiscovery":"/services/data/v51.0/smartdatadiscovery","identity":"https://login.salesforce.com/id/00D7f111111tgVeRBP/0054a101010TkPiJJB","composite":"/services/data/v51.0/composite","parameterizedSearch":"/services/data/v51.0/parameterizedSearch","fingerprint":"/services/data/v51.0/fingerprint","theme":"/services/data/v51.0/theme","nouns":"/services/data/v51.0/nouns","event":"/services/data/v51.0/event","serviceTemplates":"/services/data/v51.0/serviceTemplates","recent":"/services/data/v51.0/recent","connect":"/services/data/v51.0/connect","licensing":"/services/data/v51.0/licensing","limits":"/services/data/v51.0/limits","process":"/services/data/v51.0/process","dedupe":"/services/data/v51.0/dedupe","async-queries":"/services/data/v51.0/async-queries","query":"/services/data/v51.0/query","jobs":"/services/data/v51.0/jobs","match":"/services/data/v51.0/match","localizedvalue":"/services/data/v51.0/localizedvalue","mobile":"/services/data/v51.0/mobile","emailConnect":"/services/data/v51.0/emailConnect","consent":"/services/data/v51.0/consent","tokenizer":"/services/data/v51.0/tokenizer","compactLayouts":"/services/data/v51.0/compactLayouts","knowledgeManagement":"/services/data/v51.0/knowledgeManagement","sobjects":"/services/data/v51.0/sobjects","actions":"/services/data/v51.0/actions","support":"/services/data/v51.0/support"}'
    headers:
      Cache-Control:
      - no-cache,must-revalidate,max-age=0,no-store,private
      Connection:
      - close
      Content-Type:
      - application/json;charset=UTF-8
      Date:
      - Wed, 14 Apr 2021 09:59:03 GMT
      Set-Cookie:
      - BrowserId=Cvyi-50IEeuGQSXeqdR3CA; domain=.salesforce.com; path=/; expires=Thu,
        14-Apr-2022 09:59:03 GMT; Max-Age=31536000
      Sforce-Limit-Info:
      - api-usage=21/15000
      Strict-Transport-Security:
      - max-age=31536002; includeSubDomains
      Transfer-Encoding:
      - chunked
      Vary:
      - Accept-Encoding
      X-Content-Type-Options:
      - nosniff
      X-Robots-Tag:
      - none
      X-XSS-Protection:
      - 1; mode=block
    status:
      code: 200
      message: OK
- request:
    body: null
    headers:
      Accept:
      - application/json, text/csv
      Authorization:
      - Bearer 00D7f111111tgVe!ZHz2ibKYjcbg10mT9TmqJY7gIipNcE6GUAvDXVwlX0YrrWOz_XPVM68.v_sNvAcM_l-I9masbK6lMy1W8VGd5Z9nw2BYfdPFkgVIWlj_hWZyjF09V-JOAnn1w16qNvQ
      Connection:
      - close
      Host:
      - login.salesforce.com
      User-Agent:
      - Python-urllib/3.9
    method: GET
    uri: https://login.salesforce.com/id/00D7f111111tgVeRBP/0054a101010TkPiJJB
  response:
    body:
      string: '{"id":"https://login.salesforce.com/id/00D7f111111tgVeRBP/0054a101010TkPiJJB","asserted_user":true,"user_id":"0054a101010TkPiJJB","organization_id":"00D7f111111tgVeRBP","username":"sgreen@example.org","nick_name":"sgreen","display_name":"Sylvester
        Green","email":"sgreen@example.org","email_verified":true,"first_name":"Sylvester","last_name":"Green","timezone":"America/New_York","photos":{"picture":"https://fake-dev-ed--c.documentforce.com/profilephoto/005/F","thumbnail":"https://fake-dev-ed--c.documentforce.com/profilephoto/005/T"},"addr_street":null,"addr_city":null,"addr_state":null,"addr_country":"US","addr_zip":null,"mobile_phone":"+1
        5555551234","mobile_phone_verified":true,"is_lightning_login_user":false,"status":{"created_date":null,"body":null},"urls":{"enterprise":"https://fake-dev-ed.my.salesforce.com/services/Soap/c/{version}/00D7f111111tgVe","metadata":"https://fake-dev-ed.my.salesforce.com/services/Soap/m/{version}/00D7f111111tgVe","partner":"https://fake-dev-ed.my.salesforce.com/services/Soap/u/{version}/00D7f111111tgVe","rest":"https://fake-dev-ed.my.salesforce.com/services/data/v{version}/","sobjects":"https://fake-dev-ed.my.salesforce.com/services/data/v{version}/sobjects/","search":"https://fake-dev-ed.my.salesforce.com/services/data/v{version}/search/","query":"https://fake-dev-ed.my.salesforce.com/services/data/v{version}/query/","recent":"https://fake-dev-ed.my.salesforce.com/services/data/v{version}/recent/","tooling_soap":"https://fake-dev-ed.my.salesforce.com/services/Soap/T/{version}/00D7f111111tgVe","tooling_rest":"https://fake-dev-ed.my.salesforce.com/services/data/v{version}/tooling/","profile":"https://fake-dev-ed.my.salesforce.com/0054a101010TkPiJJB","feeds":"https://fake-dev-ed.my.salesforce.com/services/data/v{version}/chatter/feeds","groups":"https://fake-dev-ed.my.salesforce.com/services/data/v{version}/chatter/groups","users":"https://fake-dev-ed.my.salesforce.com/services/data/v{version}/chatter/users","feed_items":"https://fake-dev-ed.my.salesforce.com/services/data/v{version}/chatter/feed-items","feed_elements":"https://fake-dev-ed.my.salesforce.com/services/data/v{version}/chatter/feed-elements","custom_domain":"https://fake-dev-ed.my.salesforce.com"},"active":true,"user_type":"STANDARD","language":"en_US","locale":"en_US","utcOffset":-18000000,"last_modified_date":"2021-04-11T09:31:38Z"}'
    headers:
      Cache-Control:
      - no-cache,must-revalidate,max-age=0,no-store,private
      Connection:
      - close
      Content-Type:
      - application/json;charset=UTF-8
      Date:
      - Wed, 14 Apr 2021 09:59:03 GMT
      Set-Cookie:
      - BrowserId=CyFBK50IEeuQ5GUQG410Mg; domain=.salesforce.com; path=/; expires=Thu,
        14-Apr-2022 09:59:03 GMT; Max-Age=31536000
      Strict-Transport-Security:
      - max-age=31536000; includeSubDomains
      Transfer-Encoding:
      - chunked
      Vary:
      - Accept-Encoding
      X-Content-Type-Options:
      - nosniff
      X-Robots-Tag:
      - none
      X-XSS-Protection:
      - 1; mode=block
    status:
      code: 200
      message: OK
- request:
    body: null
    headers:
      Accept:
      - application/json, text/csv
      Authorization:
      - Bearer 00D7f111111tgVe!ZHz2ibKYjcbg10mT9TmqJY7gIipNcE6GUAvDXVwlX0YrrWOz_XPVM68.v_sNvAcM_l-I9masbK6lMy1W8VGd5Z9nw2BYfdPFkgVIWlj_hWZyjF09V-JOAnn1w16qNvQ
      Connection:
      - close
      Host:
      - fake-dev-ed.my.salesforce.com
      User-Agent:
      - Python-urllib/3.9
    method: GET
    uri: https://fake-dev-ed.my.salesforce.com/services/data/v51.0/sobjects/Organization/00D7f111111tgVeRBP?fields=Name%2CInstanceName%2CTimeZoneSidKey%2COrganizationType%2CIsSandbox%2CLanguageLocaleKey
  response:
    body:
      string: '{"attributes":{"type":"Organization","url":"/services/data/v51.0/sobjects/Organization/00D7f111111tgVeRBP"},"Name":"Green
        Endeavors","InstanceName":"NA174","TimeZoneSidKey":"America/Los_Angeles","OrganizationType":"Developer
        Edition","IsSandbox":false,"LanguageLocaleKey":"en_US","Id":"00D7f111111tgVeRBP"}'
    headers:
      Cache-Control:
      - no-cache,must-revalidate,max-age=0,no-store,private
      Connection:
      - close
      Content-Type:
      - application/json;charset=UTF-8
      Date:
      - Wed, 14 Apr 2021 09:59:03 GMT
      Set-Cookie:
      - BrowserId=C05r050IEeutDbc1pknusw; domain=.salesforce.com; path=/; expires=Thu,
        14-Apr-2022 09:59:03 GMT; Max-Age=31536000
      Sforce-Limit-Info:
      - api-usage=21/15000
      Strict-Transport-Security:
      - max-age=31536002; includeSubDomains
      Transfer-Encoding:
      - chunked
      Vary:
      - Accept-Encoding
      X-Content-Type-Options:
      - nosniff
      X-Robots-Tag:
      - none
      X-XSS-Protection:
      - 1; mode=block
    status:
      code: 200
      message: OK
- request:
    body: '{"operation": "query", "lineEnding": "CRLF", "query": "SELECT Id, Name
      FROM Account LIMIT 5"}'
    headers:
      Accept:
      - application/json, text/csv
      Authorization:
      - Bearer 00D7f111111tgVe!ZHz2ibKYjcbg10mT9TmqJY7gIipNcE6GUAvDXVwlX0YrrWOz_XPVM68.v_sNvAcM_l-I9masbK6lMy1W8VGd5Z9nw2BYfdPFkgVIWlj_hWZyjF09V-JOAnn1w16qNvQ
      Connection:
      - close
      Content-Length:
      - '93'
      Content-Type:
      - application/json; charset=UTF-8
      Host:
      - fake-dev-ed.my.salesforce.com
      User-Agent:
      - Python-urllib/3.9
    method: POST
    uri: https://fake-dev-ed.my.salesforce.com/services/data/v51.0/jobs/query
  response:
    body:
      string: '{"id":"7506g00000JQ4UxAAL","operation":"query","object":"Account","createdById":"0054a101010TkPiJJB","createdDate":"2021-04-14T09:59:04.000+0000","systemModstamp":"2021-04-14T09:59:04.000+0000","state":"UploadComplete","concurrencyMode":"Parallel","contentType":"CSV","apiVersion":51.0,"lineEnding":"CRLF","columnDelimiter":"COMMA"}'
    headers:
      Cache-Control:
      - no-cache,must-revalidate,max-age=0,no-store,private
      Connection:
      - close
      Content-Type:
      - application/json;charset=UTF-8
      Date:
      - Wed, 14 Apr 2021 09:59:04 GMT
      Set-Cookie:
      - BrowserId=C3r6RJ0IEeumtl8VShY_Sg; domain=.salesforce.com; path=/; expires=Thu,
        14-Apr-2022 09:59:04 GMT; Max-Age=31536000
      Sforce-Limit-Info:
      - api-usage=21/15000
      Strict-Transport-Security:
      - max-age=31536002; includeSubDomains
      Transfer-Encoding:
      - chunked
      Vary:
      - Accept-Encoding
      X-Content-Type-Options:
      - nosniff
      X-Robots-Tag:
      - none
      X-XSS-Protection:
      - 1; mode=block
    status:
      code: 200
      message: OK
- request:
    body: null
    headers:
      Accept:
      - application/json, text/csv
      Authorization:
      - Bearer 00D7f111111tgVe!ZHz2ibKYjcbg10mT9TmqJY7gIipNcE6GUAvDXVwlX0YrrWOz_XPVM68.v_sNvAcM_l-I9masbK6lMy1W8VGd5Z9nw2BYfdPFkgVIWlj_hWZyjF09V-JOAnn1w16qNvQ
      Connection:
      - close
      Host:
      - fake-dev-ed.my.salesforce.com
      User-Agent:
      - Python-urllib/3.9
    method: GET
    uri: https://fake-dev-ed.my.salesforce.com/services/data/v51.0/jobs/query/7506g00000JQ4UxAAL
  response:
    body:
      string: '{"id":"7506g00000JQ4UxAAL","operation":"query","object":"Account","createdById":"0054a101010TkPiJJB","createdDate":"2021-04-14T09:59:04.000+0000","systemModstamp":"2021-04-14T09:59:04.000+0000","state":"InProgress","concurrencyMode":"Parallel","contentType":"CSV","apiVersion":51.0,"jobType":"V2Query","lineEnding":"CRLF","columnDelimiter":"COMMA","numberRecordsProcessed":0,"retries":0,"totalProcessingTime":0}'
    headers:
      Cache-Control:
      - no-cache,must-revalidate,max-age=0,no-store,private
      Connection:
      - close
      Content-Type:
      - application/json;charset=UTF-8
      Date:
      - Wed, 14 Apr 2021 09:59:04 GMT
      Set-Cookie:
      - BrowserId=C85xZ50IEeugd8t8Lch7Ow; domain=.salesforce.com; path=/; expires=Thu,
        14-Apr-2022 09:59:04 GMT; Max-Age=31536000
      Sforce-Limit-Info:
      - api-usage=22/15000
      Strict-Transport-Security:
      - max-age=31536002; includeSubDomains
      Transfer-Encoding:
      - chunked
      Vary:
      - Accept-Encoding
      X-Content-Type-Options:
      - nosniff
      X-Robots-Tag:
      - none
      X-XSS-Protection:
      - 1; mode=block
    status:
      code: 200
      message: OK
- request:
    body: null
    headers:
      Accept:
      - application/json, text/csv
      Authorization:
      - Bearer 00D7f111111tgVe!ZHz2ibKYjcbg10mT9TmqJY7gIipNcE6GUAvDXVwlX0YrrWOz_XPVM68.v_sNvAcM_l-I9masbK6lMy1W8VGd5Z9nw2BYfdPFkgVIWlj_hWZyjF09V-JOAnn1w16qNvQ
      Connection:
      - close
      Host:
      - fake-dev-ed.my.salesforce.com
      User-Agent:
      - Python-urllib/3.9
    method: GET
    uri: https://fake-dev-ed.my.salesforce.com/services/data/v51.0/jobs/query/7506g00000JQ4UxAAL
  response:
    body:
      string: '{"id":"7506g00000JQ4UxAAL","operation":"query","object":"Account","createdById":"0054a101010TkPiJJB","createdDate":"2021-04-14T09:59:04.000+0000","systemModstamp":"2021-04-14T09:59:05.000+0000","state":"JobComplete","concurrencyMode":"Parallel","contentType":"CSV","apiVersion":51.0,"jobType":"V2Query","lineEnding":"CRLF","columnDelimiter":"COMMA","numberRecordsProcessed":5,"retries":0,"totalProcessingTime":166}'
    headers:
      Cache-Control:
      - no-cache,must-revalidate,max-age=0,no-store,private
      Connection:
      - close
      Content-Type:
      - application/json;charset=UTF-8
      Date:
      - Wed, 14 Apr 2021 09:59:05 GMT
      Set-Cookie:
      - BrowserId=DFrSiZ0IEeuGQSXeqdR3CA; domain=.salesforce.com; path=/; expires=Thu,
        14-Apr-2022 09:59:05 GMT; Max-Age=31536000
      Sforce-Limit-Info:
      - api-usage=23/15000
      Strict-Transport-Security:
      - max-age=31536002; includeSubDomains
      Transfer-Encoding:
      - chunked
      Vary:
      - Accept-Encoding
      X-Content-Type-Options:
      - nosniff
      X-Robots-Tag:
      - none
      X-XSS-Protection:
      - 1; mode=block
    status:
      code: 200
      message: OK
- request:
    body: null
    headers:
      Accept:
      - application/json, text/csv
      Authorization:
      - Bearer 00D7f111111tgVe!ZHz2ibKYjcbg10mT9TmqJY7gIipNcE6GUAvDXVwlX0YrrWOz_XPVM68.v_sNvAcM_l-I9masbK6lMy1W8VGd5Z9nw2BYfdPFkgVIWlj_hWZyjF09V-JOAnn1w16qNvQ
      Connection:
      - close
      Host:
      - fake-dev-ed.my.salesforce.com
      User-Agent:
      - Python-urllib/3.9
    method: GET
    uri: https://fake-dev-ed.my.salesforce.com/services/data/v51.0/jobs/query/7506g00000JQ4UxAAL/results
  response:
    body:
      string: "\"Id\",\"Name\"\r\n\"0016g00001d9F3rAAE\",\"Andr\xE9s Excavating\"\r\n\"0016g000003rBmoAAE\",\"GenePoint\"\r\n\"0016g000003rBmmAAE\",\"United
        Oil & Gas, UK\"\r\n\"0016g000003rBmnAAE\",\"United Oil & Gas, Singapore\"\r\n\"0016g000003rBmeAAE\",\"Edge
        Communications\"\r\n"
    headers:
      Cache-Control:
      - no-cache,must-revalidate,max-age=0,no-store,private
      Connection:
      - close
      Content-Type:
      - text/csv
      Date:
      - Wed, 14 Apr 2021 09:59:06 GMT
      Set-Cookie:
      - BrowserId=DRAZp50IEeuLWr9UzUqXpA; domain=.salesforce.com; path=/; expires=Thu,
        14-Apr-2022 09:59:06 GMT; Max-Age=31536000
      Sforce-Limit-Info:
      - api-usage=21/15000
      Sforce-Locator:
      - 'null'
      Sforce-NumberOfRecords:
      - '5'
      Strict-Transport-Security:
      - max-age=31536002; includeSubDomains
      Transfer-Encoding:
      - chunked
      Vary:
      - Accept-Encoding
      X-Content-Type-Options:
      - nosniff
      X-Robots-Tag:
      - none
      X-XSS-Protection:
      - 1; mode=block
    status:
      code: 200
      message: OK
- request:
    body: null
    headers:
      Accept:
      - application/json, text/csv
      Authorization:
      - Bearer 00D7f111111tgVe!ZHz2ibKYjcbg10mT9TmqJY7gIipNcE6GUAvDXVwlX0YrrWOz_XPVM68.v_sNvAcM_l-I9masbK6lMy1W8VGd5Z9nw2BYfdPFkgVIWlj_hWZyjF09V-JOAnn1w16qNvQ
      Connection:
      - close
      Host:
      - fake-dev-ed.my.salesforce.com
      User-Agent:
      - Python-urllib/3.9
    method: GET
    uri: https://fake-dev-ed.my.salesforce.com/services/data/v51.0
  response:
    body:
      string: '{"tooling":"/services/data/v51.0/tooling","metadata":"/services/data/v51.0/metadata","eclair":"/services/data/v51.0/eclair","folders":"/services/data/v51.0/folders","prechatForms":"/services/data/v51.0/prechatForms","contact-tracing":"/services/data/v51.0/contact-tracing","jsonxform":"/services/data/v51.0/jsonxform","chatter":"/services/data/v51.0/chatter","payments":"/services/data/v51.0/payments","tabs":"/services/data/v51.0/tabs","appMenu":"/services/data/v51.0/appMenu","quickActions":"/services/data/v51.0/quickActions","queryAll":"/services/data/v51.0/queryAll","commerce":"/services/data/v51.0/commerce","wave":"/services/data/v51.0/wave","iot":"/services/data/v51.0/iot","analytics":"/services/data/v51.0/analytics","search":"/services/data/v51.0/search","smartdatadiscovery":"/services/data/v51.0/smartdatadiscovery","identity":"https://login.salesforce.com/id/00D7f111111tgVeRBP/0054a101010TkPiJJB","composite":"/services/data/v51.0/composite","parameterizedSearch":"/services/data/v51.0/parameterizedSearch","fingerprint":"/services/data/v51.0/fingerprint","theme":"/services/data/v51.0/theme","nouns":"/services/data/v51.0/nouns","event":"/services/data/v51.0/event","serviceTemplates":"/services/data/v51.0/serviceTemplates","recent":"/services/data/v51.0/recent","connect":"/services/data/v51.0/connect","licensing":"/services/data/v51.0/licensing","limits":"/services/data/v51.0/limits","process":"/services/data/v51.0/process","dedupe":"/services/data/v51.0/dedupe","async-queries":"/services/data/v51.0/async-queries","query":"/services/data/v51.0/query","jobs":"/services/data/v51.0/jobs","match":"/services/data/v51.0/match","localizedvalue":"/services/data/v51.0/localizedvalue","mobile":"/services/data/v51.0/mobile","emailConnect":"/services/data/v51.0/emailConnect","consent":"/services/data/v51.0/consent","tokenizer":"/services/data/v51.0/tokenizer","compactLayouts":"/services/data/v51.0/compactLayouts","knowledgeManagement":"/services/data/v51.0/knowledgeManagement","sobjects":"/services/data/v51.0/sobjects","actions":"/services/data/v51.0/actions","support":"/services/data/v51.0/support"}'
    headers:
      Cache-Control:
      - no-cache,must-revalidate,max-age=0,no-store,private
      Connection:
      - close
      Content-Type:
      - application/json;charset=UTF-8
      Date:
      - Wed, 14 Apr 2021 10:37:20 GMT
      Set-Cookie:
      - BrowserId=ZAUL-50NEeunPNvetTbDVA; domain=.salesforce.com; path=/; expires=Thu,
        14-Apr-2022 10:37:20 GMT; Max-Age=31536000
      Sforce-Limit-Info:
      - api-usage=47/15000
      Strict-Transport-Security:
      - max-age=31536002; includeSubDomains
      Transfer-Encoding:
      - chunked
      Vary:
      - Accept-Encoding
      X-Content-Type-Options:
      - nosniff
      X-Robots-Tag:
      - none
      X-XSS-Protection:
      - 1; mode=block
    status:
      code: 200
      message: OK
- request:
    body: null
    headers:
      Accept:
      - application/json, text/csv
      Authorization:
      - Bearer 00D7f111111tgVe!ZHz2ibKYjcbg10mT9TmqJY7gIipNcE6GUAvDXVwlX0YrrWOz_XPVM68.v_sNvAcM_l-I9masbK6lMy1W8VGd5Z9nw2BYfdPFkgVIWlj_hWZyjF09V-JOAnn1w16qNvQ
      Connection:
      - close
      Host:
      - login.salesforce.com
      User-Agent:
      - Python-urllib/3.9
    method: GET
    uri: https://login.salesforce.com/id/00D7f111111tgVeRBP/0054a101010TkPiJJB
  response:
    body:
      string: '{"id":"https://login.salesforce.com/id/00D7f111111tgVeRBP/0054a101010TkPiJJB","asserted_user":true,"user_id":"0054a101010TkPiJJB","organization_id":"00D7f111111tgVeRBP","username":"sgreen@example.org","nick_name":"sgreen","display_name":"Sylvester
        Green","email":"sgreen@example.org","email_verified":true,"first_name":"Sylvester","last_name":"Green","timezone":"America/New_York","photos":{"picture":"https://fake-dev-ed--c.documentforce.com/profilephoto/005/F","thumbnail":"https://fake-dev-ed--c.documentforce.com/profilephoto/005/T"},"addr_street":null,"addr_city":null,"addr_state":null,"addr_country":"US","addr_zip":null,"mobile_phone":"+1
        5555551234","mobile_phone_verified":true,"is_lightning_login_user":false,"status":{"created_date":null,"body":null},"urls":{"enterprise":"https://fake-dev-ed.my.salesforce.com/services/Soap/c/{version}/00D7f111111tgVe","metadata":"https://fake-dev-ed.my.salesforce.com/services/Soap/m/{version}/00D7f111111tgVe","partner":"https://fake-dev-ed.my.salesforce.com/services/Soap/u/{version}/00D7f111111tgVe","rest":"https://fake-dev-ed.my.salesforce.com/services/data/v{version}/","sobjects":"https://fake-dev-ed.my.salesforce.com/services/data/v{version}/sobjects/","search":"https://fake-dev-ed.my.salesforce.com/services/data/v{version}/search/","query":"https://fake-dev-ed.my.salesforce.com/services/data/v{version}/query/","recent":"https://fake-dev-ed.my.salesforce.com/services/data/v{version}/recent/","tooling_soap":"https://fake-dev-ed.my.salesforce.com/services/Soap/T/{version}/00D7f111111tgVe","tooling_rest":"https://fake-dev-ed.my.salesforce.com/services/data/v{version}/tooling/","profile":"https://fake-dev-ed.my.salesforce.com/0054a101010TkPiJJB","feeds":"https://fake-dev-ed.my.salesforce.com/services/data/v{version}/chatter/feeds","groups":"https://fake-dev-ed.my.salesforce.com/services/data/v{version}/chatter/groups","users":"https://fake-dev-ed.my.salesforce.com/services/data/v{version}/chatter/users","feed_items":"https://fake-dev-ed.my.salesforce.com/services/data/v{version}/chatter/feed-items","feed_elements":"https://fake-dev-ed.my.salesforce.com/services/data/v{version}/chatter/feed-elements","custom_domain":"https://fake-dev-ed.my.salesforce.com"},"active":true,"user_type":"STANDARD","language":"en_US","locale":"en_US","utcOffset":-18000000,"last_modified_date":"2021-04-11T09:31:38Z"}'
    headers:
      Cache-Control:
      - no-cache,must-revalidate,max-age=0,no-store,private
      Connection:
      - close
      Content-Type:
      - application/json;charset=UTF-8
      Date:
      - Wed, 14 Apr 2021 10:37:20 GMT
      Set-Cookie:
      - BrowserId=ZCuAMp0NEeu2sqk9_uu0Xg; domain=.salesforce.com; path=/; expires=Thu,
        14-Apr-2022 10:37:20 GMT; Max-Age=31536000
      Strict-Transport-Security:
      - max-age=31536000; includeSubDomains
      Transfer-Encoding:
      - chunked
      Vary:
      - Accept-Encoding
      X-Content-Type-Options:
      - nosniff
      X-Robots-Tag:
      - none
      X-XSS-Protection:
      - 1; mode=block
    status:
      code: 200
      message: OK
- request:
    body: null
    headers:
      Accept:
      - application/json, text/csv
      Authorization:
      - Bearer 00D7f111111tgVe!ZHz2ibKYjcbg10mT9TmqJY7gIipNcE6GUAvDXVwlX0YrrWOz_XPVM68.v_sNvAcM_l-I9masbK6lMy1W8VGd5Z9nw2BYfdPFkgVIWlj_hWZyjF09V-JOAnn1w16qNvQ
      Connection:
      - close
      Host:
      - fake-dev-ed.my.salesforce.com
      User-Agent:
      - Python-urllib/3.9
    method: GET
    uri: https://fake-dev-ed.my.salesforce.com/services/data/v51.0/sobjects/Organization/00D7f111111tgVeRBP?fields=Name%2CInstanceName%2CTimeZoneSidKey%2COrganizationType%2CIsSandbox%2CLanguageLocaleKey
  response:
    body:
      string: '{"attributes":{"type":"Organization","url":"/services/data/v51.0/sobjects/Organization/00D7f111111tgVeRBP"},"Name":"Green
        Endeavors","InstanceName":"NA174","TimeZoneSidKey":"America/Los_Angeles","OrganizationType":"Developer
        Edition","IsSandbox":false,"LanguageLocaleKey":"en_US","Id":"00D7f111111tgVeRBP"}'
    headers:
      Cache-Control:
      - no-cache,must-revalidate,max-age=0,no-store,private
      Connection:
      - close
      Content-Type:
      - application/json;charset=UTF-8
      Date:
      - Wed, 14 Apr 2021 10:37:20 GMT
      Set-Cookie:
      - BrowserId=ZFfm3Z0NEeuQ8YdReBsi8Q; domain=.salesforce.com; path=/; expires=Thu,
        14-Apr-2022 10:37:20 GMT; Max-Age=31536000
      Sforce-Limit-Info:
      - api-usage=47/15000
      Strict-Transport-Security:
      - max-age=31536002; includeSubDomains
      Transfer-Encoding:
      - chunked
      Vary:
      - Accept-Encoding
      X-Content-Type-Options:
      - nosniff
      X-Robots-Tag:
      - none
      X-XSS-Protection:
      - 1; mode=block
    status:
      code: 200
      message: OK
- request:
    body: '{"operation": "query", "lineEnding": "CRLF", "query": "SELECT Id, Name
      FROM Account LIMIT 5"}'
    headers:
      Accept:
      - application/json, text/csv
      Authorization:
      - Bearer 00D7f111111tgVe!ZHz2ibKYjcbg10mT9TmqJY7gIipNcE6GUAvDXVwlX0YrrWOz_XPVM68.v_sNvAcM_l-I9masbK6lMy1W8VGd5Z9nw2BYfdPFkgVIWlj_hWZyjF09V-JOAnn1w16qNvQ
      Connection:
      - close
      Content-Length:
      - '93'
      Content-Type:
      - application/json; charset=UTF-8
      Host:
      - fake-dev-ed.my.salesforce.com
      User-Agent:
      - Python-urllib/3.9
    method: POST
    uri: https://fake-dev-ed.my.salesforce.com/services/data/v51.0/jobs/query
  response:
    body:
      string: '{"id":"7506g00000JQ4enAAD","operation":"query","object":"Account","createdById":"0054a101010TkPiJJB","createdDate":"2021-04-14T10:37:21.000+0000","systemModstamp":"2021-04-14T10:37:21.000+0000","state":"UploadComplete","concurrencyMode":"Parallel","contentType":"CSV","apiVersion":51.0,"lineEnding":"CRLF","columnDelimiter":"COMMA"}'
    headers:
      Cache-Control:
      - no-cache,must-revalidate,max-age=0,no-store,private
      Connection:
      - close
      Content-Type:
      - application/json;charset=UTF-8
      Date:
      - Wed, 14 Apr 2021 10:37:21 GMT
      Set-Cookie:
      - BrowserId=ZIhssZ0NEeugKs_FWQaBdg; domain=.salesforce.com; path=/; expires=Thu,
        14-Apr-2022 10:37:21 GMT; Max-Age=31536000
      Sforce-Limit-Info:
      - api-usage=47/15000
      Strict-Transport-Security:
      - max-age=31536002; includeSubDomains
      Transfer-Encoding:
      - chunked
      Vary:
      - Accept-Encoding
      X-Content-Type-Options:
      - nosniff
      X-Robots-Tag:
      - none
      X-XSS-Protection:
      - 1; mode=block
    status:
      code: 200
      message: OK
- request:
    body: null
    headers:
      Accept:
      - application/json, text/csv
      Authorization:
      - Bearer 00D7f111111tgVe!ZHz2ibKYjcbg10mT9TmqJY7gIipNcE6GUAvDXVwlX0YrrWOz_XPVM68.v_sNvAcM_l-I9masbK6lMy1W8VGd5Z9nw2BYfdPFkgVIWlj_hWZyjF09V-JOAnn1w16qNvQ
      Connection:
      - close
      Host:
      - fake-dev-ed.my.salesforce.com
      User-Agent:
      - Python-urllib/3.9
    method: GET
    uri: https://fake-dev-ed.my.salesforce.com/services/data/v51.0/jobs/query/7506g00000JQ4enAAD
  response:
    body:
      string: '{"id":"7506g00000JQ4enAAD","operation":"query","object":"Account","createdById":"0054a101010TkPiJJB","createdDate":"2021-04-14T10:37:21.000+0000","systemModstamp":"2021-04-14T10:37:21.000+0000","state":"InProgress","concurrencyMode":"Parallel","contentType":"CSV","apiVersion":51.0,"jobType":"V2Query","lineEnding":"CRLF","columnDelimiter":"COMMA","numberRecordsProcessed":0,"retries":0,"totalProcessingTime":0}'
    headers:
      Cache-Control:
      - no-cache,must-revalidate,max-age=0,no-store,private
      Connection:
      - close
      Content-Type:
      - application/json;charset=UTF-8
      Date:
      - Wed, 14 Apr 2021 10:37:21 GMT
      Set-Cookie:
      - BrowserId=ZPgeFZ0NEeu2sqk9_uu0Xg; domain=.salesforce.com; path=/; expires=Thu,
        14-Apr-2022 10:37:21 GMT; Max-Age=31536000
      Sforce-Limit-Info:
      - api-usage=48/15000
      Strict-Transport-Security:
      - max-age=31536002; includeSubDomains
      Transfer-Encoding:
      - chunked
      Vary:
      - Accept-Encoding
      X-Content-Type-Options:
      - nosniff
      X-Robots-Tag:
      - none
      X-XSS-Protection:
      - 1; mode=block
    status:
      code: 200
      message: OK
- request:
    body: null
    headers:
      Accept:
      - application/json, text/csv
      Authorization:
      - Bearer 00D7f111111tgVe!ZHz2ibKYjcbg10mT9TmqJY7gIipNcE6GUAvDXVwlX0YrrWOz_XPVM68.v_sNvAcM_l-I9masbK6lMy1W8VGd5Z9nw2BYfdPFkgVIWlj_hWZyjF09V-JOAnn1w16qNvQ
      Connection:
      - close
      Host:
      - fake-dev-ed.my.salesforce.com
      User-Agent:
      - Python-urllib/3.9
    method: GET
    uri: https://fake-dev-ed.my.salesforce.com/services/data/v51.0/jobs/query/7506g00000JQ4enAAD
  response:
    body:
      string: '{"id":"7506g00000JQ4enAAD","operation":"query","object":"Account","createdById":"0054a101010TkPiJJB","createdDate":"2021-04-14T10:37:21.000+0000","systemModstamp":"2021-04-14T10:37:22.000+0000","state":"JobComplete","concurrencyMode":"Parallel","contentType":"CSV","apiVersion":51.0,"jobType":"V2Query","lineEnding":"CRLF","columnDelimiter":"COMMA","numberRecordsProcessed":5,"retries":0,"totalProcessingTime":213}'
    headers:
      Cache-Control:
      - no-cache,must-revalidate,max-age=0,no-store,private
      Connection:
      - close
      Content-Type:
      - application/json;charset=UTF-8
      Date:
      - Wed, 14 Apr 2021 10:37:22 GMT
      Set-Cookie:
      - BrowserId=ZZao2J0NEeuKIF2kOlv76A; domain=.salesforce.com; path=/; expires=Thu,
        14-Apr-2022 10:37:22 GMT; Max-Age=31536000
      Sforce-Limit-Info:
      - api-usage=48/15000
      Strict-Transport-Security:
      - max-age=31536002; includeSubDomains
      Transfer-Encoding:
      - chunked
      Vary:
      - Accept-Encoding
      X-Content-Type-Options:
      - nosniff
      X-Robots-Tag:
      - none
      X-XSS-Protection:
      - 1; mode=block
    status:
      code: 200
      message: OK
- request:
    body: null
    headers:
      Accept:
      - application/json, text/csv
      Authorization:
      - Bearer 00D7f111111tgVe!ZHz2ibKYjcbg10mT9TmqJY7gIipNcE6GUAvDXVwlX0YrrWOz_XPVM68.v_sNvAcM_l-I9masbK6lMy1W8VGd5Z9nw2BYfdPFkgVIWlj_hWZyjF09V-JOAnn1w16qNvQ
      Connection:
      - close
      Host:
      - fake-dev-ed.my.salesforce.com
      User-Agent:
      - Python-urllib/3.9
    method: GET
    uri: https://fake-dev-ed.my.salesforce.com/services/data/v51.0/jobs/query/7506g00000JQ4enAAD/results
  response:
    body:
      string: "\"Id\",\"Name\"\r\n\"0016g00001d9F3rAAE\",\"Andr\xE9s Excavating\"\r\n\"0016g000003rBmoAAE\",\"GenePoint\"\r\n\"0016g000003rBmmAAE\",\"United
        Oil & Gas, UK\"\r\n\"0016g000003rBmnAAE\",\"United Oil & Gas, Singapore\"\r\n\"0016g000003rBmeAAE\",\"Edge
        Communications\"\r\n"
    headers:
      Cache-Control:
      - no-cache,must-revalidate,max-age=0,no-store,private
      Connection:
      - close
      Content-Type:
      - text/csv
      Date:
      - Wed, 14 Apr 2021 10:37:23 GMT
      Set-Cookie:
      - BrowserId=ZeBbSJ0NEeu2sqk9_uu0Xg; domain=.salesforce.com; path=/; expires=Thu,
        14-Apr-2022 10:37:23 GMT; Max-Age=31536000
      Sforce-Limit-Info:
      - api-usage=49/15000
      Sforce-Locator:
      - 'null'
      Sforce-NumberOfRecords:
      - '5'
      Strict-Transport-Security:
      - max-age=31536002; includeSubDomains
      Transfer-Encoding:
      - chunked
      Vary:
      - Accept-Encoding
      X-Content-Type-Options:
      - nosniff
      X-Robots-Tag:
      - none
      X-XSS-Protection:
      - 1; mode=block
    status:
      code: 200
      message: OK
- request:
    body: null
    headers:
      Accept:
      - application/json, text/csv
      Authorization:
      - Bearer 00D7f111111tgVe!ZHz2ibKYjcbg10mT9TmqJY7gIipNcE6GUAvDXVwlX0YrrWOz_XPVM68.v_sNvAcM_l-I9masbK6lMy1W8VGd5Z9nw2BYfdPFkgVIWlj_hWZyjF09V-JOAnn1w16qNvQ
      Connection:
      - close
      Host:
      - fake-dev-ed.my.salesforce.com
      User-Agent:
      - Python-urllib/3.9
    method: GET
    uri: https://fake-dev-ed.my.salesforce.com/services/data/v51.0
  response:
    body:
      string: '{"tooling":"/services/data/v51.0/tooling","metadata":"/services/data/v51.0/metadata","eclair":"/services/data/v51.0/eclair","folders":"/services/data/v51.0/folders","prechatForms":"/services/data/v51.0/prechatForms","contact-tracing":"/services/data/v51.0/contact-tracing","jsonxform":"/services/data/v51.0/jsonxform","chatter":"/services/data/v51.0/chatter","payments":"/services/data/v51.0/payments","tabs":"/services/data/v51.0/tabs","appMenu":"/services/data/v51.0/appMenu","quickActions":"/services/data/v51.0/quickActions","queryAll":"/services/data/v51.0/queryAll","commerce":"/services/data/v51.0/commerce","wave":"/services/data/v51.0/wave","iot":"/services/data/v51.0/iot","analytics":"/services/data/v51.0/analytics","search":"/services/data/v51.0/search","smartdatadiscovery":"/services/data/v51.0/smartdatadiscovery","identity":"https://login.salesforce.com/id/00D7f111111tgVeRBP/0054a101010TkPiJJB","composite":"/services/data/v51.0/composite","parameterizedSearch":"/services/data/v51.0/parameterizedSearch","fingerprint":"/services/data/v51.0/fingerprint","theme":"/services/data/v51.0/theme","nouns":"/services/data/v51.0/nouns","event":"/services/data/v51.0/event","serviceTemplates":"/services/data/v51.0/serviceTemplates","recent":"/services/data/v51.0/recent","connect":"/services/data/v51.0/connect","licensing":"/services/data/v51.0/licensing","limits":"/services/data/v51.0/limits","process":"/services/data/v51.0/process","dedupe":"/services/data/v51.0/dedupe","async-queries":"/services/data/v51.0/async-queries","query":"/services/data/v51.0/query","jobs":"/services/data/v51.0/jobs","match":"/services/data/v51.0/match","localizedvalue":"/services/data/v51.0/localizedvalue","mobile":"/services/data/v51.0/mobile","emailConnect":"/services/data/v51.0/emailConnect","consent":"/services/data/v51.0/consent","tokenizer":"/services/data/v51.0/tokenizer","compactLayouts":"/services/data/v51.0/compactLayouts","knowledgeManagement":"/services/data/v51.0/knowledgeManagement","sobjects":"/services/data/v51.0/sobjects","actions":"/services/data/v51.0/actions","support":"/services/data/v51.0/support"}'
    headers:
      Cache-Control:
      - no-cache,must-revalidate,max-age=0,no-store,private
      Connection:
      - close
      Content-Type:
      - application/json;charset=UTF-8
      Date:
      - Wed, 14 Apr 2021 11:29:50 GMT
      Set-Cookie:
      - BrowserId=ufHyfZ0UEeu_1jU-x83ffg; domain=.salesforce.com; path=/; expires=Thu,
        14-Apr-2022 11:29:50 GMT; Max-Age=31536000
      Sforce-Limit-Info:
      - api-usage=62/15000
      Strict-Transport-Security:
      - max-age=31536002; includeSubDomains
      Transfer-Encoding:
      - chunked
      Vary:
      - Accept-Encoding
      X-Content-Type-Options:
      - nosniff
      X-Robots-Tag:
      - none
      X-XSS-Protection:
      - 1; mode=block
    status:
      code: 200
      message: OK
- request:
    body: null
    headers:
      Accept:
      - application/json, text/csv
      Authorization:
      - Bearer 00D7f111111tgVe!ZHz2ibKYjcbg10mT9TmqJY7gIipNcE6GUAvDXVwlX0YrrWOz_XPVM68.v_sNvAcM_l-I9masbK6lMy1W8VGd5Z9nw2BYfdPFkgVIWlj_hWZyjF09V-JOAnn1w16qNvQ
      Connection:
      - close
      Host:
      - login.salesforce.com
      User-Agent:
      - Python-urllib/3.9
    method: GET
    uri: https://login.salesforce.com/id/00D7f111111tgVeRBP/0054a101010TkPiJJB
  response:
    body:
      string: '{"id":"https://login.salesforce.com/id/00D7f111111tgVeRBP/0054a101010TkPiJJB","asserted_user":true,"user_id":"0054a101010TkPiJJB","organization_id":"00D7f111111tgVeRBP","username":"sgreen@example.org","nick_name":"sgreen","display_name":"Sylvester
        Green","email":"sgreen@example.org","email_verified":true,"first_name":"Sylvester","last_name":"Green","timezone":"America/New_York","photos":{"picture":"https://fake-dev-ed--c.documentforce.com/profilephoto/005/F","thumbnail":"https://fake-dev-ed--c.documentforce.com/profilephoto/005/T"},"addr_street":null,"addr_city":null,"addr_state":null,"addr_country":"US","addr_zip":null,"mobile_phone":"+1
        5555551234","mobile_phone_verified":true,"is_lightning_login_user":false,"status":{"created_date":null,"body":null},"urls":{"enterprise":"https://fake-dev-ed.my.salesforce.com/services/Soap/c/{version}/00D7f111111tgVe","metadata":"https://fake-dev-ed.my.salesforce.com/services/Soap/m/{version}/00D7f111111tgVe","partner":"https://fake-dev-ed.my.salesforce.com/services/Soap/u/{version}/00D7f111111tgVe","rest":"https://fake-dev-ed.my.salesforce.com/services/data/v{version}/","sobjects":"https://fake-dev-ed.my.salesforce.com/services/data/v{version}/sobjects/","search":"https://fake-dev-ed.my.salesforce.com/services/data/v{version}/search/","query":"https://fake-dev-ed.my.salesforce.com/services/data/v{version}/query/","recent":"https://fake-dev-ed.my.salesforce.com/services/data/v{version}/recent/","tooling_soap":"https://fake-dev-ed.my.salesforce.com/services/Soap/T/{version}/00D7f111111tgVe","tooling_rest":"https://fake-dev-ed.my.salesforce.com/services/data/v{version}/tooling/","profile":"https://fake-dev-ed.my.salesforce.com/0054a101010TkPiJJB","feeds":"https://fake-dev-ed.my.salesforce.com/services/data/v{version}/chatter/feeds","groups":"https://fake-dev-ed.my.salesforce.com/services/data/v{version}/chatter/groups","users":"https://fake-dev-ed.my.salesforce.com/services/data/v{version}/chatter/users","feed_items":"https://fake-dev-ed.my.salesforce.com/services/data/v{version}/chatter/feed-items","feed_elements":"https://fake-dev-ed.my.salesforce.com/services/data/v{version}/chatter/feed-elements","custom_domain":"https://fake-dev-ed.my.salesforce.com"},"active":true,"user_type":"STANDARD","language":"en_US","locale":"en_US","utcOffset":-18000000,"last_modified_date":"2021-04-11T09:31:38Z"}'
    headers:
      Cache-Control:
      - no-cache,must-revalidate,max-age=0,no-store,private
      Connection:
      - close
      Content-Type:
      - application/json;charset=UTF-8
      Date:
      - Wed, 14 Apr 2021 11:29:51 GMT
      Set-Cookie:
      - BrowserId=uhOEVJ0UEeuX8AUbXm9Bjg; domain=.salesforce.com; path=/; expires=Thu,
        14-Apr-2022 11:29:51 GMT; Max-Age=31536000
      Strict-Transport-Security:
      - max-age=31536000; includeSubDomains
      Transfer-Encoding:
      - chunked
      Vary:
      - Accept-Encoding
      X-Content-Type-Options:
      - nosniff
      X-Robots-Tag:
      - none
      X-XSS-Protection:
      - 1; mode=block
    status:
      code: 200
      message: OK
- request:
    body: null
    headers:
      Accept:
      - application/json, text/csv
      Authorization:
      - Bearer 00D7f111111tgVe!ZHz2ibKYjcbg10mT9TmqJY7gIipNcE6GUAvDXVwlX0YrrWOz_XPVM68.v_sNvAcM_l-I9masbK6lMy1W8VGd5Z9nw2BYfdPFkgVIWlj_hWZyjF09V-JOAnn1w16qNvQ
      Connection:
      - close
      Host:
      - fake-dev-ed.my.salesforce.com
      User-Agent:
      - Python-urllib/3.9
    method: GET
    uri: https://fake-dev-ed.my.salesforce.com/services/data/v51.0/sobjects/Organization/00D7f111111tgVeRBP?fields=Name%2CInstanceName%2CTimeZoneSidKey%2COrganizationType%2CIsSandbox%2CLanguageLocaleKey
  response:
    body:
      string: '{"attributes":{"type":"Organization","url":"/services/data/v51.0/sobjects/Organization/00D7f111111tgVeRBP"},"Name":"Green
        Endeavors","InstanceName":"NA174","TimeZoneSidKey":"America/Los_Angeles","OrganizationType":"Developer
        Edition","IsSandbox":false,"LanguageLocaleKey":"en_US","Id":"00D7f111111tgVeRBP"}'
    headers:
      Cache-Control:
      - no-cache,must-revalidate,max-age=0,no-store,private
      Connection:
      - close
      Content-Type:
      - application/json;charset=UTF-8
      Date:
      - Wed, 14 Apr 2021 11:29:51 GMT
      Set-Cookie:
      - BrowserId=ujptg50UEeuYhAm1ULLO1w; domain=.salesforce.com; path=/; expires=Thu,
        14-Apr-2022 11:29:51 GMT; Max-Age=31536000
      Sforce-Limit-Info:
      - api-usage=62/15000
      Strict-Transport-Security:
      - max-age=31536002; includeSubDomains
      Transfer-Encoding:
      - chunked
      Vary:
      - Accept-Encoding
      X-Content-Type-Options:
      - nosniff
      X-Robots-Tag:
      - none
      X-XSS-Protection:
      - 1; mode=block
    status:
      code: 200
      message: OK
- request:
    body: '{"operation": "query", "lineEnding": "CRLF", "query": "SELECT Id, Name
      FROM Account LIMIT 5"}'
    headers:
      Accept:
      - application/json, text/csv
      Authorization:
      - Bearer 00D7f111111tgVe!ZHz2ibKYjcbg10mT9TmqJY7gIipNcE6GUAvDXVwlX0YrrWOz_XPVM68.v_sNvAcM_l-I9masbK6lMy1W8VGd5Z9nw2BYfdPFkgVIWlj_hWZyjF09V-JOAnn1w16qNvQ
      Connection:
      - close
      Content-Length:
      - '93'
      Content-Type:
      - application/json; charset=UTF-8
      Host:
      - fake-dev-ed.my.salesforce.com
      User-Agent:
      - Python-urllib/3.9
    method: POST
    uri: https://fake-dev-ed.my.salesforce.com/services/data/v51.0/jobs/query
  response:
    body:
      string: '{"id":"7506g00000JQ4sfAAD","operation":"query","object":"Account","createdById":"0054a101010TkPiJJB","createdDate":"2021-04-14T11:29:51.000+0000","systemModstamp":"2021-04-14T11:29:51.000+0000","state":"UploadComplete","concurrencyMode":"Parallel","contentType":"CSV","apiVersion":51.0,"lineEnding":"CRLF","columnDelimiter":"COMMA"}'
    headers:
      Cache-Control:
      - no-cache,must-revalidate,max-age=0,no-store,private
      Connection:
      - close
      Content-Type:
      - application/json;charset=UTF-8
      Date:
      - Wed, 14 Apr 2021 11:29:51 GMT
      Set-Cookie:
      - BrowserId=ul-ovJ0UEeuLFecwAs6bvQ; domain=.salesforce.com; path=/; expires=Thu,
        14-Apr-2022 11:29:51 GMT; Max-Age=31536000
      Sforce-Limit-Info:
      - api-usage=62/15000
      Strict-Transport-Security:
      - max-age=31536002; includeSubDomains
      Transfer-Encoding:
      - chunked
      Vary:
      - Accept-Encoding
      X-Content-Type-Options:
      - nosniff
      X-Robots-Tag:
      - none
      X-XSS-Protection:
      - 1; mode=block
    status:
      code: 200
      message: OK
- request:
    body: null
    headers:
      Accept:
      - application/json, text/csv
      Authorization:
      - Bearer 00D7f111111tgVe!ZHz2ibKYjcbg10mT9TmqJY7gIipNcE6GUAvDXVwlX0YrrWOz_XPVM68.v_sNvAcM_l-I9masbK6lMy1W8VGd5Z9nw2BYfdPFkgVIWlj_hWZyjF09V-JOAnn1w16qNvQ
      Connection:
      - close
      Host:
      - fake-dev-ed.my.salesforce.com
      User-Agent:
      - Python-urllib/3.9
    method: GET
    uri: https://fake-dev-ed.my.salesforce.com/services/data/v51.0/jobs/query/7506g00000JQ4sfAAD
  response:
    body:
      string: '{"id":"7506g00000JQ4sfAAD","operation":"query","object":"Account","createdById":"0054a101010TkPiJJB","createdDate":"2021-04-14T11:29:51.000+0000","systemModstamp":"2021-04-14T11:29:52.000+0000","state":"InProgress","concurrencyMode":"Parallel","contentType":"CSV","apiVersion":51.0,"jobType":"V2Query","lineEnding":"CRLF","columnDelimiter":"COMMA","numberRecordsProcessed":0,"retries":0,"totalProcessingTime":0}'
    headers:
      Cache-Control:
      - no-cache,must-revalidate,max-age=0,no-store,private
      Connection:
      - close
      Content-Type:
      - application/json;charset=UTF-8
      Date:
      - Wed, 14 Apr 2021 11:29:52 GMT
      Set-Cookie:
      - BrowserId=urUbj50UEeuWCrHm7vKhcg; domain=.salesforce.com; path=/; expires=Thu,
        14-Apr-2022 11:29:52 GMT; Max-Age=31536000
      Sforce-Limit-Info:
      - api-usage=62/15000
      Strict-Transport-Security:
      - max-age=31536002; includeSubDomains
      Transfer-Encoding:
      - chunked
      Vary:
      - Accept-Encoding
      X-Content-Type-Options:
      - nosniff
      X-Robots-Tag:
      - none
      X-XSS-Protection:
      - 1; mode=block
    status:
      code: 200
      message: OK
- request:
    body: null
    headers:
      Accept:
      - application/json, text/csv
      Authorization:
      - Bearer 00D7f111111tgVe!ZHz2ibKYjcbg10mT9TmqJY7gIipNcE6GUAvDXVwlX0YrrWOz_XPVM68.v_sNvAcM_l-I9masbK6lMy1W8VGd5Z9nw2BYfdPFkgVIWlj_hWZyjF09V-JOAnn1w16qNvQ
      Connection:
      - close
      Host:
      - fake-dev-ed.my.salesforce.com
      User-Agent:
      - Python-urllib/3.9
    method: GET
    uri: https://fake-dev-ed.my.salesforce.com/services/data/v51.0/jobs/query/7506g00000JQ4sfAAD
  response:
    body:
      string: '{"id":"7506g00000JQ4sfAAD","operation":"query","object":"Account","createdById":"0054a101010TkPiJJB","createdDate":"2021-04-14T11:29:51.000+0000","systemModstamp":"2021-04-14T11:29:52.000+0000","state":"InProgress","concurrencyMode":"Parallel","contentType":"CSV","apiVersion":51.0,"jobType":"V2Query","lineEnding":"CRLF","columnDelimiter":"COMMA","numberRecordsProcessed":0,"retries":0,"totalProcessingTime":0}'
    headers:
      Cache-Control:
      - no-cache,must-revalidate,max-age=0,no-store,private
      Connection:
      - close
      Content-Type:
      - application/json;charset=UTF-8
      Date:
      - Wed, 14 Apr 2021 11:29:53 GMT
      Set-Cookie:
      - BrowserId=u0XqH50UEeu5xCH4g-J2KA; domain=.salesforce.com; path=/; expires=Thu,
        14-Apr-2022 11:29:53 GMT; Max-Age=31536000
      Sforce-Limit-Info:
      - api-usage=62/15000
      Strict-Transport-Security:
      - max-age=31536002; includeSubDomains
      Transfer-Encoding:
      - chunked
      Vary:
      - Accept-Encoding
      X-Content-Type-Options:
      - nosniff
      X-Robots-Tag:
      - none
      X-XSS-Protection:
      - 1; mode=block
    status:
      code: 200
      message: OK
- request:
    body: null
    headers:
      Accept:
      - application/json, text/csv
      Authorization:
      - Bearer 00D7f111111tgVe!ZHz2ibKYjcbg10mT9TmqJY7gIipNcE6GUAvDXVwlX0YrrWOz_XPVM68.v_sNvAcM_l-I9masbK6lMy1W8VGd5Z9nw2BYfdPFkgVIWlj_hWZyjF09V-JOAnn1w16qNvQ
      Connection:
      - close
      Host:
      - fake-dev-ed.my.salesforce.com
      User-Agent:
      - Python-urllib/3.9
    method: GET
    uri: https://fake-dev-ed.my.salesforce.com/services/data/v51.0/jobs/query/7506g00000JQ4sfAAD
  response:
    body:
      string: '{"id":"7506g00000JQ4sfAAD","operation":"query","object":"Account","createdById":"0054a101010TkPiJJB","createdDate":"2021-04-14T11:29:51.000+0000","systemModstamp":"2021-04-14T11:29:53.000+0000","state":"JobComplete","concurrencyMode":"Parallel","contentType":"CSV","apiVersion":51.0,"jobType":"V2Query","lineEnding":"CRLF","columnDelimiter":"COMMA","numberRecordsProcessed":5,"retries":0,"totalProcessingTime":201}'
    headers:
      Cache-Control:
      - no-cache,must-revalidate,max-age=0,no-store,private
      Connection:
      - close
      Content-Type:
      - application/json;charset=UTF-8
      Date:
      - Wed, 14 Apr 2021 11:29:54 GMT
      Set-Cookie:
      - BrowserId=u8frEZ0UEeu-FftetaRM5A; domain=.salesforce.com; path=/; expires=Thu,
        14-Apr-2022 11:29:54 GMT; Max-Age=31536000
      Sforce-Limit-Info:
      - api-usage=62/15000
      Strict-Transport-Security:
      - max-age=31536002; includeSubDomains
      Transfer-Encoding:
      - chunked
      Vary:
      - Accept-Encoding
      X-Content-Type-Options:
      - nosniff
      X-Robots-Tag:
      - none
      X-XSS-Protection:
      - 1; mode=block
    status:
      code: 200
      message: OK
- request:
    body: null
    headers:
      Accept:
      - application/json, text/csv
      Authorization:
      - Bearer 00D7f111111tgVe!ZHz2ibKYjcbg10mT9TmqJY7gIipNcE6GUAvDXVwlX0YrrWOz_XPVM68.v_sNvAcM_l-I9masbK6lMy1W8VGd5Z9nw2BYfdPFkgVIWlj_hWZyjF09V-JOAnn1w16qNvQ
      Connection:
      - close
      Host:
      - fake-dev-ed.my.salesforce.com
      User-Agent:
      - Python-urllib/3.9
    method: GET
    uri: https://fake-dev-ed.my.salesforce.com/services/data/v51.0/jobs/query/7506g00000JQ4sfAAD/results
  response:
    body:
      string: "\"Id\",\"Name\"\r\n\"0016g00001d9F3rAAE\",\"Andr\xE9s Excavating\"\r\n\"0016g000003rBmoAAE\",\"GenePoint\"\r\n\"0016g000003rBmmAAE\",\"United
        Oil & Gas, UK\"\r\n\"0016g000003rBmnAAE\",\"United Oil & Gas, Singapore\"\r\n\"0016g000003rBmeAAE\",\"Edge
        Communications\"\r\n"
    headers:
      Cache-Control:
      - no-cache,must-revalidate,max-age=0,no-store,private
      Connection:
      - close
      Content-Type:
      - text/csv
      Date:
      - Wed, 14 Apr 2021 11:29:54 GMT
      Set-Cookie:
      - BrowserId=vADVfZ0UEeukLvkFq9JY9Q; domain=.salesforce.com; path=/; expires=Thu,
        14-Apr-2022 11:29:54 GMT; Max-Age=31536000
      Sforce-Limit-Info:
      - api-usage=62/15000
      Sforce-Locator:
      - 'null'
      Sforce-NumberOfRecords:
      - '5'
      Strict-Transport-Security:
      - max-age=31536002; includeSubDomains
      Transfer-Encoding:
      - chunked
      Vary:
      - Accept-Encoding
      X-Content-Type-Options:
      - nosniff
      X-Robots-Tag:
      - none
      X-XSS-Protection:
      - 1; mode=block
    status:
      code: 200
      message: OK
- request:
    body: null
    headers:
      Accept:
      - application/json, text/csv
      Authorization:
      - Bearer 00D7f111111tgVe!ZHz2ibKYjcbg10mT9TmqJY7gIipNcE6GUAvDXVwlX0YrrWOz_XPVM68.v_sNvAcM_l-I9masbK6lMy1W8VGd5Z9nw2BYfdPFkgVIWlj_hWZyjF09V-JOAnn1w16qNvQ
      Connection:
      - close
      Host:
      - fake-dev-ed.my.salesforce.com
      User-Agent:
      - Python-urllib/3.7
    method: GET
    uri: https://fake-dev-ed.my.salesforce.com/services/data/v51.0
  response:
    body:
      string: '{"tooling":"/services/data/v51.0/tooling","metadata":"/services/data/v51.0/metadata","eclair":"/services/data/v51.0/eclair","folders":"/services/data/v51.0/folders","prechatForms":"/services/data/v51.0/prechatForms","contact-tracing":"/services/data/v51.0/contact-tracing","jsonxform":"/services/data/v51.0/jsonxform","chatter":"/services/data/v51.0/chatter","payments":"/services/data/v51.0/payments","tabs":"/services/data/v51.0/tabs","appMenu":"/services/data/v51.0/appMenu","quickActions":"/services/data/v51.0/quickActions","queryAll":"/services/data/v51.0/queryAll","commerce":"/services/data/v51.0/commerce","wave":"/services/data/v51.0/wave","iot":"/services/data/v51.0/iot","analytics":"/services/data/v51.0/analytics","search":"/services/data/v51.0/search","smartdatadiscovery":"/services/data/v51.0/smartdatadiscovery","identity":"https://login.salesforce.com/id/00D7f111111tgVeRBP/0054a101010TkPiJJB","composite":"/services/data/v51.0/composite","parameterizedSearch":"/services/data/v51.0/parameterizedSearch","fingerprint":"/services/data/v51.0/fingerprint","theme":"/services/data/v51.0/theme","nouns":"/services/data/v51.0/nouns","event":"/services/data/v51.0/event","serviceTemplates":"/services/data/v51.0/serviceTemplates","recent":"/services/data/v51.0/recent","connect":"/services/data/v51.0/connect","licensing":"/services/data/v51.0/licensing","limits":"/services/data/v51.0/limits","process":"/services/data/v51.0/process","dedupe":"/services/data/v51.0/dedupe","async-queries":"/services/data/v51.0/async-queries","query":"/services/data/v51.0/query","jobs":"/services/data/v51.0/jobs","match":"/services/data/v51.0/match","localizedvalue":"/services/data/v51.0/localizedvalue","mobile":"/services/data/v51.0/mobile","emailConnect":"/services/data/v51.0/emailConnect","consent":"/services/data/v51.0/consent","tokenizer":"/services/data/v51.0/tokenizer","compactLayouts":"/services/data/v51.0/compactLayouts","knowledgeManagement":"/services/data/v51.0/knowledgeManagement","sobjects":"/services/data/v51.0/sobjects","actions":"/services/data/v51.0/actions","support":"/services/data/v51.0/support"}'
    headers:
      Cache-Control:
      - no-cache,must-revalidate,max-age=0,no-store,private
      Connection:
      - close
      Content-Type:
      - application/json;charset=UTF-8
      Date:
      - Thu, 15 Apr 2021 09:18:10 GMT
      Set-Cookie:
      - BrowserId=fxSYLJ3LEeuL9NGfDNmtOQ; domain=.salesforce.com; path=/; expires=Fri,
        15-Apr-2022 09:18:10 GMT; Max-Age=31536000
      Sforce-Limit-Info:
      - api-usage=56/15000
      Strict-Transport-Security:
      - max-age=31536002; includeSubDomains
      Transfer-Encoding:
      - chunked
      Vary:
      - Accept-Encoding
      X-Content-Type-Options:
      - nosniff
      X-Robots-Tag:
      - none
      X-XSS-Protection:
      - 1; mode=block
    status:
      code: 200
      message: OK
- request:
    body: null
    headers:
      Accept:
      - application/json, text/csv
      Authorization:
      - Bearer 00D7f111111tgVe!ZHz2ibKYjcbg10mT9TmqJY7gIipNcE6GUAvDXVwlX0YrrWOz_XPVM68.v_sNvAcM_l-I9masbK6lMy1W8VGd5Z9nw2BYfdPFkgVIWlj_hWZyjF09V-JOAnn1w16qNvQ
      Connection:
      - close
      Host:
      - login.salesforce.com
      User-Agent:
      - Python-urllib/3.7
    method: GET
    uri: https://login.salesforce.com/id/00D7f111111tgVeRBP/0054a101010TkPiJJB
  response:
    body:
      string: '{"id":"https://login.salesforce.com/id/00D7f111111tgVeRBP/0054a101010TkPiJJB","asserted_user":true,"user_id":"0054a101010TkPiJJB","organization_id":"00D7f111111tgVeRBP","username":"sgreen@example.org","nick_name":"sgreen","display_name":"Sylvester
        Green","email":"sgreen@example.org","email_verified":true,"first_name":"Sylvester","last_name":"Green","timezone":"America/New_York","photos":{"picture":"https://fake-dev-ed--c.documentforce.com/profilephoto/005/F","thumbnail":"https://fake-dev-ed--c.documentforce.com/profilephoto/005/T"},"addr_street":null,"addr_city":null,"addr_state":null,"addr_country":"US","addr_zip":null,"mobile_phone":"+1
        5555551234","mobile_phone_verified":true,"is_lightning_login_user":false,"status":{"created_date":null,"body":null},"urls":{"enterprise":"https://fake-dev-ed.my.salesforce.com/services/Soap/c/{version}/00D7f111111tgVe","metadata":"https://fake-dev-ed.my.salesforce.com/services/Soap/m/{version}/00D7f111111tgVe","partner":"https://fake-dev-ed.my.salesforce.com/services/Soap/u/{version}/00D7f111111tgVe","rest":"https://fake-dev-ed.my.salesforce.com/services/data/v{version}/","sobjects":"https://fake-dev-ed.my.salesforce.com/services/data/v{version}/sobjects/","search":"https://fake-dev-ed.my.salesforce.com/services/data/v{version}/search/","query":"https://fake-dev-ed.my.salesforce.com/services/data/v{version}/query/","recent":"https://fake-dev-ed.my.salesforce.com/services/data/v{version}/recent/","tooling_soap":"https://fake-dev-ed.my.salesforce.com/services/Soap/T/{version}/00D7f111111tgVe","tooling_rest":"https://fake-dev-ed.my.salesforce.com/services/data/v{version}/tooling/","profile":"https://fake-dev-ed.my.salesforce.com/0054a101010TkPiJJB","feeds":"https://fake-dev-ed.my.salesforce.com/services/data/v{version}/chatter/feeds","groups":"https://fake-dev-ed.my.salesforce.com/services/data/v{version}/chatter/groups","users":"https://fake-dev-ed.my.salesforce.com/services/data/v{version}/chatter/users","feed_items":"https://fake-dev-ed.my.salesforce.com/services/data/v{version}/chatter/feed-items","feed_elements":"https://fake-dev-ed.my.salesforce.com/services/data/v{version}/chatter/feed-elements","custom_domain":"https://fake-dev-ed.my.salesforce.com"},"active":true,"user_type":"STANDARD","language":"en_US","locale":"en_US","utcOffset":-18000000,"last_modified_date":"2021-04-11T09:31:38Z"}'
    headers:
      Cache-Control:
      - no-cache,must-revalidate,max-age=0,no-store,private
      Connection:
      - close
      Content-Type:
      - application/json;charset=UTF-8
      Date:
      - Thu, 15 Apr 2021 09:18:10 GMT
      Set-Cookie:
      - BrowserId=fy6vi53LEeumtl8VShY_Sg; domain=.salesforce.com; path=/; expires=Fri,
        15-Apr-2022 09:18:10 GMT; Max-Age=31536000
      Strict-Transport-Security:
      - max-age=31536000; includeSubDomains
      Transfer-Encoding:
      - chunked
      Vary:
      - Accept-Encoding
      X-Content-Type-Options:
      - nosniff
      X-Robots-Tag:
      - none
      X-XSS-Protection:
      - 1; mode=block
    status:
      code: 200
      message: OK
- request:
    body: null
    headers:
      Accept:
      - application/json, text/csv
      Authorization:
      - Bearer 00D7f111111tgVe!ZHz2ibKYjcbg10mT9TmqJY7gIipNcE6GUAvDXVwlX0YrrWOz_XPVM68.v_sNvAcM_l-I9masbK6lMy1W8VGd5Z9nw2BYfdPFkgVIWlj_hWZyjF09V-JOAnn1w16qNvQ
      Connection:
      - close
      Host:
      - fake-dev-ed.my.salesforce.com
      User-Agent:
      - Python-urllib/3.7
    method: GET
    uri: https://fake-dev-ed.my.salesforce.com/services/data/v51.0/sobjects/Organization/00D7f111111tgVeRBP?fields=Name%2CInstanceName%2CTimeZoneSidKey%2COrganizationType%2CIsSandbox%2CLanguageLocaleKey
  response:
    body:
      string: '{"attributes":{"type":"Organization","url":"/services/data/v51.0/sobjects/Organization/00D7f111111tgVeRBP"},"Name":"Green Endeavors","InstanceName":"NA174","TimeZoneSidKey":"America/Los_Angeles","OrganizationType":"Developer
        Edition","IsSandbox":false,"LanguageLocaleKey":"en_US","Id":"00D7f111111tgVeRBP"}'
    headers:
      Cache-Control:
      - no-cache,must-revalidate,max-age=0,no-store,private
      Connection:
      - close
      Content-Type:
      - application/json;charset=UTF-8
      Date:
      - Thu, 15 Apr 2021 09:18:10 GMT
      Set-Cookie:
      - BrowserId=f0n_3p3LEeuzjdvkzdK0og; domain=.salesforce.com; path=/; expires=Fri,
        15-Apr-2022 09:18:10 GMT; Max-Age=31536000
      Sforce-Limit-Info:
      - api-usage=56/15000
      Strict-Transport-Security:
      - max-age=31536002; includeSubDomains
      Transfer-Encoding:
      - chunked
      Vary:
      - Accept-Encoding
      X-Content-Type-Options:
      - nosniff
      X-Robots-Tag:
      - none
      X-XSS-Protection:
      - 1; mode=block
    status:
      code: 200
      message: OK
- request:
    body: '{"operation": "query", "lineEnding": "CRLF", "query": "SELECT Id, Name
      FROM Account LIMIT 5"}'
    headers:
      Accept:
      - application/json, text/csv
      Authorization:
      - Bearer 00D7f111111tgVe!ZHz2ibKYjcbg10mT9TmqJY7gIipNcE6GUAvDXVwlX0YrrWOz_XPVM68.v_sNvAcM_l-I9masbK6lMy1W8VGd5Z9nw2BYfdPFkgVIWlj_hWZyjF09V-JOAnn1w16qNvQ
      Connection:
      - close
      Content-Length:
      - '93'
      Content-Type:
      - application/json; charset=UTF-8
      Host:
      - fake-dev-ed.my.salesforce.com
      User-Agent:
      - Python-urllib/3.7
    method: POST
    uri: https://fake-dev-ed.my.salesforce.com/services/data/v51.0/jobs/query
  response:
    body:
      string: '{"id":"7506g00000K6CdgAAF","operation":"query","object":"Account","createdById":"0054a101010TkPiJJB","createdDate":"2021-04-15T09:18:10.000+0000","systemModstamp":"2021-04-15T09:18:10.000+0000","state":"UploadComplete","concurrencyMode":"Parallel","contentType":"CSV","apiVersion":51.0,"lineEnding":"CRLF","columnDelimiter":"COMMA"}'
    headers:
      Cache-Control:
      - no-cache,must-revalidate,max-age=0,no-store,private
      Connection:
      - close
      Content-Type:
      - application/json;charset=UTF-8
      Date:
      - Thu, 15 Apr 2021 09:18:10 GMT
      Set-Cookie:
      - BrowserId=f2lH6p3LEeuwYSkHV1epMQ; domain=.salesforce.com; path=/; expires=Fri,
        15-Apr-2022 09:18:10 GMT; Max-Age=31536000
      Sforce-Limit-Info:
      - api-usage=56/15000
      Strict-Transport-Security:
      - max-age=31536002; includeSubDomains
      Transfer-Encoding:
      - chunked
      Vary:
      - Accept-Encoding
      X-Content-Type-Options:
      - nosniff
      X-Robots-Tag:
      - none
      X-XSS-Protection:
      - 1; mode=block
    status:
      code: 200
      message: OK
- request:
    body: null
    headers:
      Accept:
      - application/json, text/csv
      Authorization:
      - Bearer 00D7f111111tgVe!ZHz2ibKYjcbg10mT9TmqJY7gIipNcE6GUAvDXVwlX0YrrWOz_XPVM68.v_sNvAcM_l-I9masbK6lMy1W8VGd5Z9nw2BYfdPFkgVIWlj_hWZyjF09V-JOAnn1w16qNvQ
      Connection:
      - close
      Host:
      - fake-dev-ed.my.salesforce.com
      User-Agent:
      - Python-urllib/3.7
    method: GET
    uri: https://fake-dev-ed.my.salesforce.com/services/data/v51.0/jobs/query/7506g00000K6CdgAAF
  response:
    body:
      string: '{"id":"7506g00000K6CdgAAF","operation":"query","object":"Account","createdById":"0054a101010TkPiJJB","createdDate":"2021-04-15T09:18:10.000+0000","systemModstamp":"2021-04-15T09:18:11.000+0000","state":"InProgress","concurrencyMode":"Parallel","contentType":"CSV","apiVersion":51.0,"jobType":"V2Query","lineEnding":"CRLF","columnDelimiter":"COMMA","numberRecordsProcessed":0,"retries":0,"totalProcessingTime":0}'
    headers:
      Cache-Control:
      - no-cache,must-revalidate,max-age=0,no-store,private
      Connection:
      - close
      Content-Type:
      - application/json;charset=UTF-8
      Date:
      - Thu, 15 Apr 2021 09:18:11 GMT
      Set-Cookie:
      - BrowserId=f7tfzZ3LEeuThXMpwDH3AQ; domain=.salesforce.com; path=/; expires=Fri,
        15-Apr-2022 09:18:11 GMT; Max-Age=31536000
      Sforce-Limit-Info:
      - api-usage=56/15000
      Strict-Transport-Security:
      - max-age=31536002; includeSubDomains
      Transfer-Encoding:
      - chunked
      Vary:
      - Accept-Encoding
      X-Content-Type-Options:
      - nosniff
      X-Robots-Tag:
      - none
      X-XSS-Protection:
      - 1; mode=block
    status:
      code: 200
      message: OK
- request:
    body: null
    headers:
      Accept:
      - application/json, text/csv
      Authorization:
      - Bearer 00D7f111111tgVe!ZHz2ibKYjcbg10mT9TmqJY7gIipNcE6GUAvDXVwlX0YrrWOz_XPVM68.v_sNvAcM_l-I9masbK6lMy1W8VGd5Z9nw2BYfdPFkgVIWlj_hWZyjF09V-JOAnn1w16qNvQ
      Connection:
      - close
      Host:
      - fake-dev-ed.my.salesforce.com
      User-Agent:
      - Python-urllib/3.7
    method: GET
    uri: https://fake-dev-ed.my.salesforce.com/services/data/v51.0/jobs/query/7506g00000K6CdgAAF
  response:
    body:
      string: '{"id":"7506g00000K6CdgAAF","operation":"query","object":"Account","createdById":"0054a101010TkPiJJB","createdDate":"2021-04-15T09:18:10.000+0000","systemModstamp":"2021-04-15T09:18:11.000+0000","state":"JobComplete","concurrencyMode":"Parallel","contentType":"CSV","apiVersion":51.0,"jobType":"V2Query","lineEnding":"CRLF","columnDelimiter":"COMMA","numberRecordsProcessed":5,"retries":0,"totalProcessingTime":234}'
    headers:
      Cache-Control:
      - no-cache,must-revalidate,max-age=0,no-store,private
      Connection:
      - close
      Content-Type:
      - application/json;charset=UTF-8
      Date:
      - Thu, 15 Apr 2021 09:18:12 GMT
      Set-Cookie:
      - BrowserId=gDp6Q53LEeu09fniE7EE2w; domain=.salesforce.com; path=/; expires=Fri,
        15-Apr-2022 09:18:12 GMT; Max-Age=31536000
      Sforce-Limit-Info:
      - api-usage=56/15000
      Strict-Transport-Security:
      - max-age=31536002; includeSubDomains
      Transfer-Encoding:
      - chunked
      Vary:
      - Accept-Encoding
      X-Content-Type-Options:
      - nosniff
      X-Robots-Tag:
      - none
      X-XSS-Protection:
      - 1; mode=block
    status:
      code: 200
      message: OK
- request:
    body: null
    headers:
      Accept:
      - application/json, text/csv
      Authorization:
      - Bearer 00D7f111111tgVe!ZHz2ibKYjcbg10mT9TmqJY7gIipNcE6GUAvDXVwlX0YrrWOz_XPVM68.v_sNvAcM_l-I9masbK6lMy1W8VGd5Z9nw2BYfdPFkgVIWlj_hWZyjF09V-JOAnn1w16qNvQ
      Connection:
      - close
      Host:
      - fake-dev-ed.my.salesforce.com
      User-Agent:
      - Python-urllib/3.7
    method: GET
    uri: https://fake-dev-ed.my.salesforce.com/services/data/v51.0/jobs/query/7506g00000K6CdgAAF/results
  response:
    body:
      string: "\"Id\",\"Name\"\r\n\"0016g00001d9F3rAAE\",\"Andr\xE9s Excavating\"\r\n\"0016g000003rBmoAAE\",\"GenePoint\"\r\n\"0016g000003rBmmAAE\",\"United
        Oil & Gas, UK\"\r\n\"0016g000003rBmnAAE\",\"United Oil & Gas, Singapore\"\r\n\"0016g000003rBmeAAE\",\"Edge
        Communications\"\r\n"
    headers:
      Cache-Control:
      - no-cache,must-revalidate,max-age=0,no-store,private
      Connection:
      - close
      Content-Type:
      - text/csv
      Date:
      - Thu, 15 Apr 2021 09:18:12 GMT
      Set-Cookie:
      - BrowserId=gGtOVp3LEeumtl8VShY_Sg; domain=.salesforce.com; path=/; expires=Fri,
        15-Apr-2022 09:18:12 GMT; Max-Age=31536000
      Sforce-Limit-Info:
      - api-usage=57/15000
      Sforce-Locator:
      - 'null'
      Sforce-NumberOfRecords:
      - '5'
      Strict-Transport-Security:
      - max-age=31536002; includeSubDomains
      Transfer-Encoding:
      - chunked
      Vary:
      - Accept-Encoding
      X-Content-Type-Options:
      - nosniff
      X-Robots-Tag:
      - none
      X-XSS-Protection:
      - 1; mode=block
    status:
      code: 200
      message: OK
version: 1
